******************************************************************************
                  MSP430 Linker PC v4.2.1                      
******************************************************************************
>> Linked Thu Jul 24 00:04:16 2014

OUTPUT FILE NAME:   <ADC new 3.out>
ENTRY POINT SYMBOL: "_c_int00"  address: 0000d3e8


MEMORY CONFIGURATION

         name            origin    length      used     unused   attr    fill
----------------------  --------  ---------  --------  --------  ----  --------
  SFR                   00000000   00000010  00000000  00000010  RWIX
  PERIPHERALS_8BIT      00000010   000000f0  00000000  000000f0  RWIX
  PERIPHERALS_16BIT     00000100   00000100  00000000  00000100  RWIX
  RAM                   00000200   00000200  0000006b  00000195  RWIX
  INFOD                 00001000   00000040  00000000  00000040  RWIX
  INFOC                 00001040   00000040  00000000  00000040  RWIX
  INFOB                 00001080   00000040  00000000  00000040  RWIX
  INFOA                 000010c0   00000040  00000000  00000040  RWIX
  FLASH                 0000c000   00003fe0  0000151c  00002ac4  RWIX
  INT00                 0000ffe0   00000002  00000000  00000002  RWIX
  INT01                 0000ffe2   00000002  00000000  00000002  RWIX
  INT02                 0000ffe4   00000002  00000002  00000000  RWIX
  INT03                 0000ffe6   00000002  00000002  00000000  RWIX
  INT04                 0000ffe8   00000002  00000000  00000002  RWIX
  INT05                 0000ffea   00000002  00000002  00000000  RWIX
  INT06                 0000ffec   00000002  00000002  00000000  RWIX
  INT07                 0000ffee   00000002  00000002  00000000  RWIX
  INT08                 0000fff0   00000002  00000002  00000000  RWIX
  INT09                 0000fff2   00000002  00000002  00000000  RWIX
  INT10                 0000fff4   00000002  00000002  00000000  RWIX
  INT11                 0000fff6   00000002  00000002  00000000  RWIX
  INT12                 0000fff8   00000002  00000002  00000000  RWIX
  INT13                 0000fffa   00000002  00000002  00000000  RWIX
  INT14                 0000fffc   00000002  00000002  00000000  RWIX
  RESET                 0000fffe   00000002  00000002  00000000  RWIX


SECTION ALLOCATION MAP

 output                                  attributes/
section   page    origin      length       input sections
--------  ----  ----------  ----------   ----------------
.init_array 
*          0    0000c000    00000000     UNINITIALIZED

.bss       0    00000200    0000000e     UNINITIALIZED
                  00000200    00000006     (.common:c)
                  00000206    00000004     (.common:b)
                  0000020a    00000002     (.common:i)
                  0000020c    00000002     (.common:j)

.TI.noinit 
*          0    00000200    00000000     UNINITIALIZED

.data      0    0000020e    0000000d     UNINITIALIZED
                  0000020e    0000000d     main.obj (.data)

.TI.persistent 
*          0    0000020e    00000000     UNINITIALIZED

.stack     0    000003b0    00000050     UNINITIALIZED
                  000003b0    00000002     rts430_eabi.lib : boot.obj (.stack)
                  000003b2    0000004e     --HOLE--

.text      0    0000c000    000014d6     
                  0000c000    000002f8     rts430_eabi.lib : frcmpyd.obj (.text:__TI_frcmpyd)
                  0000c2f8    000002e8                     : addd.obj (.text:__mspabi_addd)
                  0000c5e0    0000026e                     : frcaddd.obj (.text:__TI_frcaddd)
                  0000c84e    00000256                     : mpyd.obj (.text:__mspabi_mpyd)
                  0000caa4    00000184     main.obj (.text:main)
                  0000cc28    000000c2     rts430_eabi.lib : fs_mpy.obj (.text)
                  0000ccea    000000c0                     : renormd.obj (.text:__TI_renormd)
                  0000cdaa    000000a8                     : cvtdf.obj (.text:__mspabi_cvtdf)
                  0000ce52    00000090                     : fltuld.obj (.text:__mspabi_fltuld)
                  0000cee2    00000090     main.obj (.text:serial_write_float)
                  0000cf72    00000080     rts430_eabi.lib : cvtfd.obj (.text:__mspabi_cvtfd)
                  0000cff2    0000006e     main.obj (.text:serial_write_int)
                  0000d060    00000068     rts430_eabi.lib : fs_toi.obj (.text)
                  0000d0c8    0000005e                     : copy_decompress_rle.obj (.text:__TI_decompress_rle_core)
                  0000d126    0000005e                     : autoinit.obj (.text:_auto_init)
                  0000d184    0000005c                     : lsr32.obj (.text:l_lsr_const)
                  0000d1e0    0000004c                     : lsr16.obj (.text)
                  0000d22c    0000003e                     : asr32.obj (.text:l_asr_const)
                  0000d26a    0000003e                     : lsl32.obj (.text:l_lsl_const)
                  0000d2a8    00000036                     : subd.obj (.text:__mspabi_subd)
                  0000d2de    00000036     main.obj (.text:adcinit)
                  0000d314    0000002c     rts430_eabi.lib : asr16.obj (.text)
                  0000d340    0000002c                     : div16s.obj (.text)
                  0000d36c    0000002c                     : lsl16.obj (.text)
                  0000d398    0000002a     main.obj (.text:serialInit)
                  0000d3c2    00000026     rts430_eabi.lib : mult32.obj (.text)
                  0000d3e8    0000001a                     : boot.obj (.text:_c_int00_noexit)
                  0000d402    00000016                     : div16u.obj (.text)
                  0000d418    00000014                     : copy_zero_init.obj (.text:decompress:ZI:__TI_zero_init)
                  0000d42c    00000012                     : copy_decompress_none.obj (.text:decompress:none:__TI_decompress_none)
                  0000d43e    00000012                     : lsr32.obj (.text:l_lsr)
                  0000d450    00000012                     : memcpy.obj (.text:memcpy)
                  0000d462    00000012     main.obj (.text:serialwriteString)
                  0000d474    00000010     rts430_eabi.lib : asr32.obj (.text:l_asr)
                  0000d484    00000010                     : lsl32.obj (.text:l_lsl)
                  0000d494    00000010                     : epilog.obj (.text)
                  0000d4a4    0000000c     main.obj (.text:serialRead)
                  0000d4b0    0000000c     main.obj (.text:serialWrite)
                  0000d4bc    00000006     rts430_eabi.lib : isr_trap.obj (.text:__TI_ISR_TRAP)
                  0000d4c2    00000006                     : fltud.obj (.text:__mspabi_fltud)
                  0000d4c8    00000006                     : copy_decompress_rle.obj (.text:decompress:rle24:__TI_decompress_rle24)
                  0000d4ce    00000004                     : pre_init.obj (.text:_system_pre_init)
                  0000d4d2    00000004                     : exit.obj (.text:abort)

.const     0    0000d4d6    0000002a     
                  0000d4d6    0000002a     main.obj (.const:.string)

.cinit     0    0000d500    0000001c     
                  0000d500    0000000a     (.cinit..data.load) [load image, compression = rle]
                  0000d50a    00000006     (__TI_handler_table)
                  0000d510    00000004     (.cinit..bss.load) [load image, compression = zero_init]
                  0000d514    00000008     (__TI_cinit_table)

PORT1      0    0000ffe4    00000002     
                  0000ffe4    00000002     rts430_eabi.lib : int02.obj (.int02)

PORT2      0    0000ffe6    00000002     
                  0000ffe6    00000002     rts430_eabi.lib : int03.obj (.int03)

ADC10      0    0000ffea    00000002     
                  0000ffea    00000002     rts430_eabi.lib : int05.obj (.int05)

USCIAB0TX 
*          0    0000ffec    00000002     
                  0000ffec    00000002     rts430_eabi.lib : int06.obj (.int06)

USCIAB0RX 
*          0    0000ffee    00000002     
                  0000ffee    00000002     rts430_eabi.lib : int07.obj (.int07)

TIMER0_A1 
*          0    0000fff0    00000002     
                  0000fff0    00000002     rts430_eabi.lib : int08.obj (.int08)

TIMER0_A0 
*          0    0000fff2    00000002     
                  0000fff2    00000002     rts430_eabi.lib : int09.obj (.int09)

WDT        0    0000fff4    00000002     
                  0000fff4    00000002     rts430_eabi.lib : int10.obj (.int10)

COMPARATORA 
*          0    0000fff6    00000002     
                  0000fff6    00000002     rts430_eabi.lib : int11.obj (.int11)

TIMER1_A1 
*          0    0000fff8    00000002     
                  0000fff8    00000002     rts430_eabi.lib : int12.obj (.int12)

TIMER1_A0 
*          0    0000fffa    00000002     
                  0000fffa    00000002     rts430_eabi.lib : int13.obj (.int13)

NMI        0    0000fffc    00000002     
                  0000fffc    00000002     rts430_eabi.lib : int14.obj (.int14)

.reset     0    0000fffe    00000002     
                  0000fffe    00000002     rts430_eabi.lib : boot.obj (.reset)


LINKER GENERATED COPY TABLES

__TI_cinit_table @ 0000d514 records: 2, size/record: 4, table size: 8
	.data: load addr=0000d500, load size=0000000a bytes, run addr=0000020e, run size=0000000d bytes, compression=rle
	.bss: load addr=0000d510, load size=00000004 bytes, run addr=00000200, run size=0000000e bytes, compression=zero_init


LINKER GENERATED HANDLER TABLE

__TI_handler_table @ 0000d50a records: 3, size/record: 2, table size: 6
	index: 0, handler: __TI_zero_init
	index: 1, handler: __TI_decompress_rle24
	index: 2, handler: __TI_decompress_none


GLOBAL SYMBOLS: SORTED ALPHABETICALLY BY Name 

address    name
--------   ----
0000004a   ADC10AE0
000001b0   ADC10CTL0
000001b2   ADC10CTL1
00000048   ADC10DTC0
00000049   ADC10DTC1
000001b4   ADC10MEM
000001bc   ADC10SA
00000057   BCSCTL1
00000058   BCSCTL2
00000053   BCSCTL3
0000d4d2   C$$EXIT
00000059   CACTL1
0000005a   CACTL2
000010fb   CALBC1_12MHZ
000010f9   CALBC1_16MHZ
000010ff   CALBC1_1MHZ
000010fd   CALBC1_8MHZ
000010fa   CALDCO_12MHZ
000010f8   CALDCO_16MHZ
000010fe   CALDCO_1MHZ
000010fc   CALDCO_8MHZ
0000005b   CAPD
00000056   DCOCTL
00000128   FCTL1
0000012a   FCTL2
0000012c   FCTL3
00000000   IE1
00000001   IE2
00000002   IFG1
00000003   IFG2
00000022   P1DIR
00000025   P1IE
00000024   P1IES
00000023   P1IFG
00000020   P1IN
00000021   P1OUT
00000027   P1REN
00000026   P1SEL
00000041   P1SEL2
0000002a   P2DIR
0000002d   P2IE
0000002c   P2IES
0000002b   P2IFG
00000028   P2IN
00000029   P2OUT
0000002f   P2REN
0000002e   P2SEL
00000042   P2SEL2
0000001a   P3DIR
00000018   P3IN
00000019   P3OUT
00000010   P3REN
0000001b   P3SEL
00000043   P3SEL2
00000172   TA0CCR0
00000174   TA0CCR1
00000176   TA0CCR2
00000162   TA0CCTL0
00000164   TA0CCTL1
00000166   TA0CCTL2
00000160   TA0CTL
0000012e   TA0IV
00000170   TA0R
00000192   TA1CCR0
00000194   TA1CCR1
00000196   TA1CCR2
00000182   TA1CCTL0
00000184   TA1CCTL1
00000186   TA1CCTL2
00000180   TA1CTL
0000011e   TA1IV
00000190   TA1R
0000005d   UCA0ABCTL
00000062   UCA0BR0
00000063   UCA0BR1
00000060   UCA0CTL0
00000061   UCA0CTL1
0000005f   UCA0IRRCTL
0000005e   UCA0IRTCTL
00000064   UCA0MCTL
00000066   UCA0RXBUF
00000065   UCA0STAT
00000067   UCA0TXBUF
0000006a   UCB0BR0
0000006b   UCB0BR1
00000068   UCB0CTL0
00000069   UCB0CTL1
0000006c   UCB0I2CIE
00000118   UCB0I2COA
0000011a   UCB0I2CSA
0000006e   UCB0RXBUF
0000006d   UCB0STAT
0000006f   UCB0TXBUF
00000120   WDTCTL
00000400   __STACK_END
00000050   __STACK_SIZE
0000d514   __TI_CINIT_Base
0000d51c   __TI_CINIT_Limit
0000d50a   __TI_Handler_Table_Base
0000d510   __TI_Handler_Table_Limit
UNDEFED    __TI_INITARRAY_Base
UNDEFED    __TI_INITARRAY_Limit
0000d4bc   __TI_ISR_TRAP
00000001   __TI_args_main
0000d42c   __TI_decompress_none
0000d4c8   __TI_decompress_rle24
00000001   __TI_exit
0000c5e0   __TI_frcaddd
0000c000   __TI_frcmpyd
0000ffe4   __TI_int02
0000ffe6   __TI_int03
0000ffea   __TI_int05
0000ffec   __TI_int06
0000ffee   __TI_int07
0000fff0   __TI_int08
0000fff2   __TI_int09
0000fff4   __TI_int10
0000fff6   __TI_int11
0000fff8   __TI_int12
0000fffa   __TI_int13
0000fffc   __TI_int14
0000ccea   __TI_renormd
0000d418   __TI_zero_init
ffffffff   __binit__
ffffffff   __c_args__
0000c2f8   __mspabi_addd
0000cdaa   __mspabi_cvtdf
0000cf72   __mspabi_cvtfd
0000d340   __mspabi_divi
0000d402   __mspabi_divu
0000d060   __mspabi_fixfi
0000d4c2   __mspabi_fltud
0000ce52   __mspabi_fltuld
0000d4a0   __mspabi_func_epilog_1
0000d49e   __mspabi_func_epilog_2
0000d49c   __mspabi_func_epilog_3
0000d49a   __mspabi_func_epilog_4
0000d498   __mspabi_func_epilog_5
0000d496   __mspabi_func_epilog_6
0000d494   __mspabi_func_epilog_7
0000c84e   __mspabi_mpyd
0000cc28   __mspabi_mpyf
0000d3c2   __mspabi_mpyl
0000d340   __mspabi_remi
0000d402   __mspabi_remu
0000d36c   __mspabi_slli
0000d394   __mspabi_slli_1
0000d382   __mspabi_slli_10
0000d380   __mspabi_slli_11
0000d37e   __mspabi_slli_12
0000d37c   __mspabi_slli_13
0000d37a   __mspabi_slli_14
0000d378   __mspabi_slli_15
0000d392   __mspabi_slli_2
0000d390   __mspabi_slli_3
0000d38e   __mspabi_slli_4
0000d38c   __mspabi_slli_5
0000d38a   __mspabi_slli_6
0000d388   __mspabi_slli_7
0000d386   __mspabi_slli_8
0000d384   __mspabi_slli_9
0000d484   __mspabi_slll
0000d2a2   __mspabi_slll_1
0000d27e   __mspabi_slll_10
0000d27a   __mspabi_slll_11
0000d276   __mspabi_slll_12
0000d272   __mspabi_slll_13
0000d26e   __mspabi_slll_14
0000d26a   __mspabi_slll_15
0000d29e   __mspabi_slll_2
0000d29a   __mspabi_slll_3
0000d296   __mspabi_slll_4
0000d292   __mspabi_slll_5
0000d28e   __mspabi_slll_6
0000d28a   __mspabi_slll_7
0000d286   __mspabi_slll_8
0000d282   __mspabi_slll_9
0000d314   __mspabi_srai
0000d33c   __mspabi_srai_1
0000d32a   __mspabi_srai_10
0000d328   __mspabi_srai_11
0000d326   __mspabi_srai_12
0000d324   __mspabi_srai_13
0000d322   __mspabi_srai_14
0000d320   __mspabi_srai_15
0000d33a   __mspabi_srai_2
0000d338   __mspabi_srai_3
0000d336   __mspabi_srai_4
0000d334   __mspabi_srai_5
0000d332   __mspabi_srai_6
0000d330   __mspabi_srai_7
0000d32e   __mspabi_srai_8
0000d32c   __mspabi_srai_9
0000d474   __mspabi_sral
0000d264   __mspabi_sral_1
0000d240   __mspabi_sral_10
0000d23c   __mspabi_sral_11
0000d238   __mspabi_sral_12
0000d234   __mspabi_sral_13
0000d230   __mspabi_sral_14
0000d22c   __mspabi_sral_15
0000d260   __mspabi_sral_2
0000d25c   __mspabi_sral_3
0000d258   __mspabi_sral_4
0000d254   __mspabi_sral_5
0000d250   __mspabi_sral_6
0000d24c   __mspabi_sral_7
0000d248   __mspabi_sral_8
0000d244   __mspabi_sral_9
0000d1e0   __mspabi_srli
0000d226   __mspabi_srli_1
0000d202   __mspabi_srli_10
0000d1fe   __mspabi_srli_11
0000d1fa   __mspabi_srli_12
0000d1f6   __mspabi_srli_13
0000d1f2   __mspabi_srli_14
0000d1ee   __mspabi_srli_15
0000d222   __mspabi_srli_2
0000d21e   __mspabi_srli_3
0000d21a   __mspabi_srli_4
0000d216   __mspabi_srli_5
0000d212   __mspabi_srli_6
0000d20e   __mspabi_srli_7
0000d20a   __mspabi_srli_8
0000d206   __mspabi_srli_9
0000d43e   __mspabi_srll
0000d1d8   __mspabi_srll_1
0000d1a2   __mspabi_srll_10
0000d19c   __mspabi_srll_11
0000d196   __mspabi_srll_12
0000d190   __mspabi_srll_13
0000d18a   __mspabi_srll_14
0000d184   __mspabi_srll_15
0000d1d2   __mspabi_srll_2
0000d1cc   __mspabi_srll_3
0000d1c6   __mspabi_srll_4
0000d1c0   __mspabi_srll_5
0000d1ba   __mspabi_srll_6
0000d1b4   __mspabi_srll_7
0000d1ae   __mspabi_srll_8
0000d1a8   __mspabi_srll_9
0000d2a8   __mspabi_subd
0000d126   _auto_init
0000d3e8   _c_int00
0000d3e8   _c_int00_noexit
0000fffe   _reset_vector
000003b0   _stack
0000d4ce   _system_pre_init
0000021a   a
0000d4d2   abort
0000d2de   adcinit
00000206   b
ffffffff   binit
00000200   c
0000020a   i
0000020c   j
0000caa4   main
0000d450   memcpy
00000218   nadc
0000d398   serialInit
0000d4a4   serialRead
0000d4b0   serialWrite
0000cee2   serial_write_float
0000cff2   serial_write_int
0000d462   serialwriteString
0000020e   temp_C
00000212   temp_F
00000216   w


GLOBAL SYMBOLS: SORTED BY Symbol Address 

address    name
--------   ----
00000000   IE1
00000001   IE2
00000001   __TI_args_main
00000001   __TI_exit
00000002   IFG1
00000003   IFG2
00000010   P3REN
00000018   P3IN
00000019   P3OUT
0000001a   P3DIR
0000001b   P3SEL
00000020   P1IN
00000021   P1OUT
00000022   P1DIR
00000023   P1IFG
00000024   P1IES
00000025   P1IE
00000026   P1SEL
00000027   P1REN
00000028   P2IN
00000029   P2OUT
0000002a   P2DIR
0000002b   P2IFG
0000002c   P2IES
0000002d   P2IE
0000002e   P2SEL
0000002f   P2REN
00000041   P1SEL2
00000042   P2SEL2
00000043   P3SEL2
00000048   ADC10DTC0
00000049   ADC10DTC1
0000004a   ADC10AE0
00000050   __STACK_SIZE
00000053   BCSCTL3
00000056   DCOCTL
00000057   BCSCTL1
00000058   BCSCTL2
00000059   CACTL1
0000005a   CACTL2
0000005b   CAPD
0000005d   UCA0ABCTL
0000005e   UCA0IRTCTL
0000005f   UCA0IRRCTL
00000060   UCA0CTL0
00000061   UCA0CTL1
00000062   UCA0BR0
00000063   UCA0BR1
00000064   UCA0MCTL
00000065   UCA0STAT
00000066   UCA0RXBUF
00000067   UCA0TXBUF
00000068   UCB0CTL0
00000069   UCB0CTL1
0000006a   UCB0BR0
0000006b   UCB0BR1
0000006c   UCB0I2CIE
0000006d   UCB0STAT
0000006e   UCB0RXBUF
0000006f   UCB0TXBUF
00000118   UCB0I2COA
0000011a   UCB0I2CSA
0000011e   TA1IV
00000120   WDTCTL
00000128   FCTL1
0000012a   FCTL2
0000012c   FCTL3
0000012e   TA0IV
00000160   TA0CTL
00000162   TA0CCTL0
00000164   TA0CCTL1
00000166   TA0CCTL2
00000170   TA0R
00000172   TA0CCR0
00000174   TA0CCR1
00000176   TA0CCR2
00000180   TA1CTL
00000182   TA1CCTL0
00000184   TA1CCTL1
00000186   TA1CCTL2
00000190   TA1R
00000192   TA1CCR0
00000194   TA1CCR1
00000196   TA1CCR2
000001b0   ADC10CTL0
000001b2   ADC10CTL1
000001b4   ADC10MEM
000001bc   ADC10SA
00000200   c
00000206   b
0000020a   i
0000020c   j
0000020e   temp_C
00000212   temp_F
00000216   w
00000218   nadc
0000021a   a
000003b0   _stack
00000400   __STACK_END
000010f8   CALDCO_16MHZ
000010f9   CALBC1_16MHZ
000010fa   CALDCO_12MHZ
000010fb   CALBC1_12MHZ
000010fc   CALDCO_8MHZ
000010fd   CALBC1_8MHZ
000010fe   CALDCO_1MHZ
000010ff   CALBC1_1MHZ
0000c000   __TI_frcmpyd
0000c2f8   __mspabi_addd
0000c5e0   __TI_frcaddd
0000c84e   __mspabi_mpyd
0000caa4   main
0000cc28   __mspabi_mpyf
0000ccea   __TI_renormd
0000cdaa   __mspabi_cvtdf
0000ce52   __mspabi_fltuld
0000cee2   serial_write_float
0000cf72   __mspabi_cvtfd
0000cff2   serial_write_int
0000d060   __mspabi_fixfi
0000d126   _auto_init
0000d184   __mspabi_srll_15
0000d18a   __mspabi_srll_14
0000d190   __mspabi_srll_13
0000d196   __mspabi_srll_12
0000d19c   __mspabi_srll_11
0000d1a2   __mspabi_srll_10
0000d1a8   __mspabi_srll_9
0000d1ae   __mspabi_srll_8
0000d1b4   __mspabi_srll_7
0000d1ba   __mspabi_srll_6
0000d1c0   __mspabi_srll_5
0000d1c6   __mspabi_srll_4
0000d1cc   __mspabi_srll_3
0000d1d2   __mspabi_srll_2
0000d1d8   __mspabi_srll_1
0000d1e0   __mspabi_srli
0000d1ee   __mspabi_srli_15
0000d1f2   __mspabi_srli_14
0000d1f6   __mspabi_srli_13
0000d1fa   __mspabi_srli_12
0000d1fe   __mspabi_srli_11
0000d202   __mspabi_srli_10
0000d206   __mspabi_srli_9
0000d20a   __mspabi_srli_8
0000d20e   __mspabi_srli_7
0000d212   __mspabi_srli_6
0000d216   __mspabi_srli_5
0000d21a   __mspabi_srli_4
0000d21e   __mspabi_srli_3
0000d222   __mspabi_srli_2
0000d226   __mspabi_srli_1
0000d22c   __mspabi_sral_15
0000d230   __mspabi_sral_14
0000d234   __mspabi_sral_13
0000d238   __mspabi_sral_12
0000d23c   __mspabi_sral_11
0000d240   __mspabi_sral_10
0000d244   __mspabi_sral_9
0000d248   __mspabi_sral_8
0000d24c   __mspabi_sral_7
0000d250   __mspabi_sral_6
0000d254   __mspabi_sral_5
0000d258   __mspabi_sral_4
0000d25c   __mspabi_sral_3
0000d260   __mspabi_sral_2
0000d264   __mspabi_sral_1
0000d26a   __mspabi_slll_15
0000d26e   __mspabi_slll_14
0000d272   __mspabi_slll_13
0000d276   __mspabi_slll_12
0000d27a   __mspabi_slll_11
0000d27e   __mspabi_slll_10
0000d282   __mspabi_slll_9
0000d286   __mspabi_slll_8
0000d28a   __mspabi_slll_7
0000d28e   __mspabi_slll_6
0000d292   __mspabi_slll_5
0000d296   __mspabi_slll_4
0000d29a   __mspabi_slll_3
0000d29e   __mspabi_slll_2
0000d2a2   __mspabi_slll_1
0000d2a8   __mspabi_subd
0000d2de   adcinit
0000d314   __mspabi_srai
0000d320   __mspabi_srai_15
0000d322   __mspabi_srai_14
0000d324   __mspabi_srai_13
0000d326   __mspabi_srai_12
0000d328   __mspabi_srai_11
0000d32a   __mspabi_srai_10
0000d32c   __mspabi_srai_9
0000d32e   __mspabi_srai_8
0000d330   __mspabi_srai_7
0000d332   __mspabi_srai_6
0000d334   __mspabi_srai_5
0000d336   __mspabi_srai_4
0000d338   __mspabi_srai_3
0000d33a   __mspabi_srai_2
0000d33c   __mspabi_srai_1
0000d340   __mspabi_divi
0000d340   __mspabi_remi
0000d36c   __mspabi_slli
0000d378   __mspabi_slli_15
0000d37a   __mspabi_slli_14
0000d37c   __mspabi_slli_13
0000d37e   __mspabi_slli_12
0000d380   __mspabi_slli_11
0000d382   __mspabi_slli_10
0000d384   __mspabi_slli_9
0000d386   __mspabi_slli_8
0000d388   __mspabi_slli_7
0000d38a   __mspabi_slli_6
0000d38c   __mspabi_slli_5
0000d38e   __mspabi_slli_4
0000d390   __mspabi_slli_3
0000d392   __mspabi_slli_2
0000d394   __mspabi_slli_1
0000d398   serialInit
0000d3c2   __mspabi_mpyl
0000d3e8   _c_int00
0000d3e8   _c_int00_noexit
0000d402   __mspabi_divu
0000d402   __mspabi_remu
0000d418   __TI_zero_init
0000d42c   __TI_decompress_none
0000d43e   __mspabi_srll
0000d450   memcpy
0000d462   serialwriteString
0000d474   __mspabi_sral
0000d484   __mspabi_slll
0000d494   __mspabi_func_epilog_7
0000d496   __mspabi_func_epilog_6
0000d498   __mspabi_func_epilog_5
0000d49a   __mspabi_func_epilog_4
0000d49c   __mspabi_func_epilog_3
0000d49e   __mspabi_func_epilog_2
0000d4a0   __mspabi_func_epilog_1
0000d4a4   serialRead
0000d4b0   serialWrite
0000d4bc   __TI_ISR_TRAP
0000d4c2   __mspabi_fltud
0000d4c8   __TI_decompress_rle24
0000d4ce   _system_pre_init
0000d4d2   C$$EXIT
0000d4d2   abort
0000d50a   __TI_Handler_Table_Base
0000d510   __TI_Handler_Table_Limit
0000d514   __TI_CINIT_Base
0000d51c   __TI_CINIT_Limit
0000ffe4   __TI_int02
0000ffe6   __TI_int03
0000ffea   __TI_int05
0000ffec   __TI_int06
0000ffee   __TI_int07
0000fff0   __TI_int08
0000fff2   __TI_int09
0000fff4   __TI_int10
0000fff6   __TI_int11
0000fff8   __TI_int12
0000fffa   __TI_int13
0000fffc   __TI_int14
0000fffe   _reset_vector
ffffffff   __binit__
ffffffff   __c_args__
ffffffff   binit
UNDEFED    __TI_INITARRAY_Base
UNDEFED    __TI_INITARRAY_Limit

[268 symbols]
