<?xml version="1.0"?>
<link_info>
   <banner>MSP430 Linker PC v4.2.1</banner>
   <copyright>Copyright (c) 2003-2013 Texas Instruments Incorporated</copyright>
   <link_time>0x53d00028</link_time>
   <link_errors>0x0</link_errors>
   <output_file>ADC new 3.out</output_file>
   <entry_point>
      <name>_c_int00</name>
      <address>0xd3e8</address>
   </entry_point>
   <input_file_list>
      <input_file id="fl-2">
         <path>.\</path>
         <kind>object</kind>
         <file>main.obj</file>
         <name>main.obj</name>
      </input_file>
      <input_file id="fl-1c">
         <path>C:\ti\ccsv5\tools\compiler\msp430_4.2.1\lib\</path>
         <kind>archive</kind>
         <file>rts430_eabi.lib</file>
         <name>addd.obj</name>
      </input_file>
      <input_file id="fl-1d">
         <path>C:\ti\ccsv5\tools\compiler\msp430_4.2.1\lib\</path>
         <kind>archive</kind>
         <file>rts430_eabi.lib</file>
         <name>asr16.obj</name>
      </input_file>
      <input_file id="fl-1e">
         <path>C:\ti\ccsv5\tools\compiler\msp430_4.2.1\lib\</path>
         <kind>archive</kind>
         <file>rts430_eabi.lib</file>
         <name>boot.obj</name>
      </input_file>
      <input_file id="fl-1f">
         <path>C:\ti\ccsv5\tools\compiler\msp430_4.2.1\lib\</path>
         <kind>archive</kind>
         <file>rts430_eabi.lib</file>
         <name>copy_decompress_none.obj</name>
      </input_file>
      <input_file id="fl-20">
         <path>C:\ti\ccsv5\tools\compiler\msp430_4.2.1\lib\</path>
         <kind>archive</kind>
         <file>rts430_eabi.lib</file>
         <name>copy_decompress_rle.obj</name>
      </input_file>
      <input_file id="fl-21">
         <path>C:\ti\ccsv5\tools\compiler\msp430_4.2.1\lib\</path>
         <kind>archive</kind>
         <file>rts430_eabi.lib</file>
         <name>copy_zero_init.obj</name>
      </input_file>
      <input_file id="fl-22">
         <path>C:\ti\ccsv5\tools\compiler\msp430_4.2.1\lib\</path>
         <kind>archive</kind>
         <file>rts430_eabi.lib</file>
         <name>cvtdf.obj</name>
      </input_file>
      <input_file id="fl-23">
         <path>C:\ti\ccsv5\tools\compiler\msp430_4.2.1\lib\</path>
         <kind>archive</kind>
         <file>rts430_eabi.lib</file>
         <name>cvtfd.obj</name>
      </input_file>
      <input_file id="fl-24">
         <path>C:\ti\ccsv5\tools\compiler\msp430_4.2.1\lib\</path>
         <kind>archive</kind>
         <file>rts430_eabi.lib</file>
         <name>div16s.obj</name>
      </input_file>
      <input_file id="fl-25">
         <path>C:\ti\ccsv5\tools\compiler\msp430_4.2.1\lib\</path>
         <kind>archive</kind>
         <file>rts430_eabi.lib</file>
         <name>div16u.obj</name>
      </input_file>
      <input_file id="fl-26">
         <path>C:\ti\ccsv5\tools\compiler\msp430_4.2.1\lib\</path>
         <kind>archive</kind>
         <file>rts430_eabi.lib</file>
         <name>epilog.obj</name>
      </input_file>
      <input_file id="fl-27">
         <path>C:\ti\ccsv5\tools\compiler\msp430_4.2.1\lib\</path>
         <kind>archive</kind>
         <file>rts430_eabi.lib</file>
         <name>exit.obj</name>
      </input_file>
      <input_file id="fl-28">
         <path>C:\ti\ccsv5\tools\compiler\msp430_4.2.1\lib\</path>
         <kind>archive</kind>
         <file>rts430_eabi.lib</file>
         <name>fltud.obj</name>
      </input_file>
      <input_file id="fl-29">
         <path>C:\ti\ccsv5\tools\compiler\msp430_4.2.1\lib\</path>
         <kind>archive</kind>
         <file>rts430_eabi.lib</file>
         <name>fltuld.obj</name>
      </input_file>
      <input_file id="fl-2a">
         <path>C:\ti\ccsv5\tools\compiler\msp430_4.2.1\lib\</path>
         <kind>archive</kind>
         <file>rts430_eabi.lib</file>
         <name>frcaddd.obj</name>
      </input_file>
      <input_file id="fl-2b">
         <path>C:\ti\ccsv5\tools\compiler\msp430_4.2.1\lib\</path>
         <kind>archive</kind>
         <file>rts430_eabi.lib</file>
         <name>fs_mpy.obj</name>
      </input_file>
      <input_file id="fl-2c">
         <path>C:\ti\ccsv5\tools\compiler\msp430_4.2.1\lib\</path>
         <kind>archive</kind>
         <file>rts430_eabi.lib</file>
         <name>fs_toi.obj</name>
      </input_file>
      <input_file id="fl-2d">
         <path>C:\ti\ccsv5\tools\compiler\msp430_4.2.1\lib\</path>
         <kind>archive</kind>
         <file>rts430_eabi.lib</file>
         <name>int02.obj</name>
      </input_file>
      <input_file id="fl-2e">
         <path>C:\ti\ccsv5\tools\compiler\msp430_4.2.1\lib\</path>
         <kind>archive</kind>
         <file>rts430_eabi.lib</file>
         <name>int03.obj</name>
      </input_file>
      <input_file id="fl-2f">
         <path>C:\ti\ccsv5\tools\compiler\msp430_4.2.1\lib\</path>
         <kind>archive</kind>
         <file>rts430_eabi.lib</file>
         <name>int05.obj</name>
      </input_file>
      <input_file id="fl-30">
         <path>C:\ti\ccsv5\tools\compiler\msp430_4.2.1\lib\</path>
         <kind>archive</kind>
         <file>rts430_eabi.lib</file>
         <name>int06.obj</name>
      </input_file>
      <input_file id="fl-31">
         <path>C:\ti\ccsv5\tools\compiler\msp430_4.2.1\lib\</path>
         <kind>archive</kind>
         <file>rts430_eabi.lib</file>
         <name>int07.obj</name>
      </input_file>
      <input_file id="fl-32">
         <path>C:\ti\ccsv5\tools\compiler\msp430_4.2.1\lib\</path>
         <kind>archive</kind>
         <file>rts430_eabi.lib</file>
         <name>int08.obj</name>
      </input_file>
      <input_file id="fl-33">
         <path>C:\ti\ccsv5\tools\compiler\msp430_4.2.1\lib\</path>
         <kind>archive</kind>
         <file>rts430_eabi.lib</file>
         <name>int09.obj</name>
      </input_file>
      <input_file id="fl-34">
         <path>C:\ti\ccsv5\tools\compiler\msp430_4.2.1\lib\</path>
         <kind>archive</kind>
         <file>rts430_eabi.lib</file>
         <name>int10.obj</name>
      </input_file>
      <input_file id="fl-35">
         <path>C:\ti\ccsv5\tools\compiler\msp430_4.2.1\lib\</path>
         <kind>archive</kind>
         <file>rts430_eabi.lib</file>
         <name>int11.obj</name>
      </input_file>
      <input_file id="fl-36">
         <path>C:\ti\ccsv5\tools\compiler\msp430_4.2.1\lib\</path>
         <kind>archive</kind>
         <file>rts430_eabi.lib</file>
         <name>int12.obj</name>
      </input_file>
      <input_file id="fl-37">
         <path>C:\ti\ccsv5\tools\compiler\msp430_4.2.1\lib\</path>
         <kind>archive</kind>
         <file>rts430_eabi.lib</file>
         <name>int13.obj</name>
      </input_file>
      <input_file id="fl-38">
         <path>C:\ti\ccsv5\tools\compiler\msp430_4.2.1\lib\</path>
         <kind>archive</kind>
         <file>rts430_eabi.lib</file>
         <name>int14.obj</name>
      </input_file>
      <input_file id="fl-39">
         <path>C:\ti\ccsv5\tools\compiler\msp430_4.2.1\lib\</path>
         <kind>archive</kind>
         <file>rts430_eabi.lib</file>
         <name>isr_trap.obj</name>
      </input_file>
      <input_file id="fl-3a">
         <path>C:\ti\ccsv5\tools\compiler\msp430_4.2.1\lib\</path>
         <kind>archive</kind>
         <file>rts430_eabi.lib</file>
         <name>lsl16.obj</name>
      </input_file>
      <input_file id="fl-3b">
         <path>C:\ti\ccsv5\tools\compiler\msp430_4.2.1\lib\</path>
         <kind>archive</kind>
         <file>rts430_eabi.lib</file>
         <name>lsl32.obj</name>
      </input_file>
      <input_file id="fl-3c">
         <path>C:\ti\ccsv5\tools\compiler\msp430_4.2.1\lib\</path>
         <kind>archive</kind>
         <file>rts430_eabi.lib</file>
         <name>lsr16.obj</name>
      </input_file>
      <input_file id="fl-3d">
         <path>C:\ti\ccsv5\tools\compiler\msp430_4.2.1\lib\</path>
         <kind>archive</kind>
         <file>rts430_eabi.lib</file>
         <name>lsr32.obj</name>
      </input_file>
      <input_file id="fl-3e">
         <path>C:\ti\ccsv5\tools\compiler\msp430_4.2.1\lib\</path>
         <kind>archive</kind>
         <file>rts430_eabi.lib</file>
         <name>memcpy.obj</name>
      </input_file>
      <input_file id="fl-3f">
         <path>C:\ti\ccsv5\tools\compiler\msp430_4.2.1\lib\</path>
         <kind>archive</kind>
         <file>rts430_eabi.lib</file>
         <name>mpyd.obj</name>
      </input_file>
      <input_file id="fl-40">
         <path>C:\ti\ccsv5\tools\compiler\msp430_4.2.1\lib\</path>
         <kind>archive</kind>
         <file>rts430_eabi.lib</file>
         <name>pre_init.obj</name>
      </input_file>
      <input_file id="fl-41">
         <path>C:\ti\ccsv5\tools\compiler\msp430_4.2.1\lib\</path>
         <kind>archive</kind>
         <file>rts430_eabi.lib</file>
         <name>renormd.obj</name>
      </input_file>
      <input_file id="fl-42">
         <path>C:\ti\ccsv5\tools\compiler\msp430_4.2.1\lib\</path>
         <kind>archive</kind>
         <file>rts430_eabi.lib</file>
         <name>subd.obj</name>
      </input_file>
      <input_file id="fl-43">
         <path>C:\ti\ccsv5\tools\compiler\msp430_4.2.1\lib\</path>
         <kind>archive</kind>
         <file>rts430_eabi.lib</file>
         <name>_lock.obj</name>
      </input_file>
      <input_file id="fl-44">
         <path>C:\ti\ccsv5\tools\compiler\msp430_4.2.1\lib\</path>
         <kind>archive</kind>
         <file>rts430_eabi.lib</file>
         <name>args_main.obj</name>
      </input_file>
      <input_file id="fl-45">
         <path>C:\ti\ccsv5\tools\compiler\msp430_4.2.1\lib\</path>
         <kind>archive</kind>
         <file>rts430_eabi.lib</file>
         <name>asr32.obj</name>
      </input_file>
      <input_file id="fl-46">
         <path>C:\ti\ccsv5\tools\compiler\msp430_4.2.1\lib\</path>
         <kind>archive</kind>
         <file>rts430_eabi.lib</file>
         <name>autoinit.obj</name>
      </input_file>
      <input_file id="fl-47">
         <path>C:\ti\ccsv5\tools\compiler\msp430_4.2.1\lib\</path>
         <kind>archive</kind>
         <file>rts430_eabi.lib</file>
         <name>frcmpyd.obj</name>
      </input_file>
      <input_file id="fl-48">
         <path>C:\ti\ccsv5\tools\compiler\msp430_4.2.1\lib\</path>
         <kind>archive</kind>
         <file>rts430_eabi.lib</file>
         <name>mult32.obj</name>
      </input_file>
   </input_file_list>
   <object_component_list>
      <object_component id="oc-4e">
         <name>.stack</name>
         <uninitialized>true</uninitialized>
         <run_address>0x3b0</run_address>
         <size>0x2</size>
         <input_file_ref idref="fl-1e"/>
      </object_component>
      <object_component id="oc-1e2">
         <name>.stack</name>
         <uninitialized>true</uninitialized>
         <run_address>0x3b0</run_address>
         <size>0x0</size>
      </object_component>
      <object_component id="oc-121">
         <name>.text:__TI_frcmpyd</name>
         <load_address>0xc000</load_address>
         <run_address>0xc000</run_address>
         <size>0x2f8</size>
         <input_file_ref idref="fl-47"/>
      </object_component>
      <object_component id="oc-b9">
         <name>.text:__mspabi_addd</name>
         <load_address>0xc2f8</load_address>
         <run_address>0xc2f8</run_address>
         <size>0x2e8</size>
         <input_file_ref idref="fl-1c"/>
      </object_component>
      <object_component id="oc-131">
         <name>.text:__TI_frcaddd</name>
         <load_address>0xc5e0</load_address>
         <run_address>0xc5e0</run_address>
         <size>0x26e</size>
         <input_file_ref idref="fl-2a"/>
      </object_component>
      <object_component id="oc-b4">
         <name>.text:__mspabi_mpyd</name>
         <load_address>0xc84e</load_address>
         <run_address>0xc84e</run_address>
         <size>0x256</size>
         <input_file_ref idref="fl-3f"/>
      </object_component>
      <object_component id="oc-5f">
         <name>.text:main</name>
         <load_address>0xcaa4</load_address>
         <run_address>0xcaa4</run_address>
         <size>0x184</size>
         <input_file_ref idref="fl-2"/>
      </object_component>
      <object_component id="oc-ff">
         <name>.text</name>
         <load_address>0xcc28</load_address>
         <run_address>0xcc28</run_address>
         <size>0xc2</size>
         <input_file_ref idref="fl-2b"/>
      </object_component>
      <object_component id="oc-187">
         <name>.text:__TI_renormd</name>
         <load_address>0xccea</load_address>
         <run_address>0xccea</run_address>
         <size>0xc0</size>
         <input_file_ref idref="fl-41"/>
      </object_component>
      <object_component id="oc-c3">
         <name>.text:__mspabi_cvtdf</name>
         <load_address>0xcdaa</load_address>
         <run_address>0xcdaa</run_address>
         <size>0xa8</size>
         <input_file_ref idref="fl-22"/>
      </object_component>
      <object_component id="oc-116">
         <name>.text:__mspabi_fltuld</name>
         <load_address>0xce52</load_address>
         <run_address>0xce52</run_address>
         <size>0x90</size>
         <input_file_ref idref="fl-29"/>
      </object_component>
      <object_component id="oc-aa">
         <name>.text:serial_write_float</name>
         <load_address>0xcee2</load_address>
         <run_address>0xcee2</run_address>
         <size>0x90</size>
         <input_file_ref idref="fl-2"/>
      </object_component>
      <object_component id="oc-c8">
         <name>.text:__mspabi_cvtfd</name>
         <load_address>0xcf72</load_address>
         <run_address>0xcf72</run_address>
         <size>0x80</size>
         <input_file_ref idref="fl-23"/>
      </object_component>
      <object_component id="oc-d2">
         <name>.text:serial_write_int</name>
         <load_address>0xcff2</load_address>
         <run_address>0xcff2</run_address>
         <size>0x6e</size>
         <input_file_ref idref="fl-2"/>
      </object_component>
      <object_component id="oc-103">
         <name>.text</name>
         <load_address>0xd060</load_address>
         <run_address>0xd060</run_address>
         <size>0x68</size>
         <input_file_ref idref="fl-2c"/>
      </object_component>
      <object_component id="oc-7d">
         <name>.text:__TI_decompress_rle_core</name>
         <load_address>0xd0c8</load_address>
         <run_address>0xd0c8</run_address>
         <size>0x5e</size>
         <input_file_ref idref="fl-20"/>
      </object_component>
      <object_component id="oc-5a">
         <name>.text:_auto_init</name>
         <load_address>0xd126</load_address>
         <run_address>0xd126</run_address>
         <size>0x5e</size>
         <input_file_ref idref="fl-46"/>
      </object_component>
      <object_component id="oc-169">
         <name>.text:l_lsr_const</name>
         <load_address>0xd184</load_address>
         <run_address>0xd184</run_address>
         <size>0x5c</size>
         <input_file_ref idref="fl-3d"/>
      </object_component>
      <object_component id="oc-13e">
         <name>.text</name>
         <load_address>0xd1e0</load_address>
         <run_address>0xd1e0</run_address>
         <size>0x4c</size>
         <input_file_ref idref="fl-3c"/>
      </object_component>
      <object_component id="oc-149">
         <name>.text:l_asr_const</name>
         <load_address>0xd22c</load_address>
         <run_address>0xd22c</run_address>
         <size>0x3e</size>
         <input_file_ref idref="fl-45"/>
      </object_component>
      <object_component id="oc-13a">
         <name>.text:l_lsl_const</name>
         <load_address>0xd26a</load_address>
         <run_address>0xd26a</run_address>
         <size>0x3e</size>
         <input_file_ref idref="fl-3b"/>
      </object_component>
      <object_component id="oc-be">
         <name>.text:__mspabi_subd</name>
         <load_address>0xd2a8</load_address>
         <run_address>0xd2a8</run_address>
         <size>0x36</size>
         <input_file_ref idref="fl-42"/>
      </object_component>
      <object_component id="oc-98">
         <name>.text:adcinit</name>
         <load_address>0xd2de</load_address>
         <run_address>0xd2de</run_address>
         <size>0x36</size>
         <input_file_ref idref="fl-2"/>
      </object_component>
      <object_component id="oc-11d">
         <name>.text</name>
         <load_address>0xd314</load_address>
         <run_address>0xd314</run_address>
         <size>0x2c</size>
         <input_file_ref idref="fl-1d"/>
      </object_component>
      <object_component id="oc-109">
         <name>.text</name>
         <load_address>0xd340</load_address>
         <run_address>0xd340</run_address>
         <size>0x2c</size>
         <input_file_ref idref="fl-24"/>
      </object_component>
      <object_component id="oc-126">
         <name>.text</name>
         <load_address>0xd36c</load_address>
         <run_address>0xd36c</run_address>
         <size>0x2c</size>
         <input_file_ref idref="fl-3a"/>
      </object_component>
      <object_component id="oc-9d">
         <name>.text:serialInit</name>
         <load_address>0xd398</load_address>
         <run_address>0xd398</run_address>
         <size>0x2a</size>
         <input_file_ref idref="fl-2"/>
      </object_component>
      <object_component id="oc-172">
         <name>.text</name>
         <load_address>0xd3c2</load_address>
         <run_address>0xd3c2</run_address>
         <size>0x26</size>
         <input_file_ref idref="fl-48"/>
      </object_component>
      <object_component id="oc-3a">
         <name>.text:_c_int00_noexit</name>
         <load_address>0xd3e8</load_address>
         <run_address>0xd3e8</run_address>
         <size>0x1a</size>
         <input_file_ref idref="fl-1e"/>
      </object_component>
      <object_component id="oc-152">
         <name>.text</name>
         <load_address>0xd402</load_address>
         <run_address>0xd402</run_address>
         <size>0x16</size>
         <input_file_ref idref="fl-25"/>
      </object_component>
      <object_component id="oc-44">
         <name>.text:decompress:ZI:__TI_zero_init</name>
         <load_address>0xd418</load_address>
         <run_address>0xd418</run_address>
         <size>0x14</size>
         <input_file_ref idref="fl-21"/>
      </object_component>
      <object_component id="oc-3f">
         <name>.text:decompress:none:__TI_decompress_none</name>
         <load_address>0xd42c</load_address>
         <run_address>0xd42c</run_address>
         <size>0x12</size>
         <input_file_ref idref="fl-1f"/>
      </object_component>
      <object_component id="oc-17f">
         <name>.text:l_lsr</name>
         <load_address>0xd43e</load_address>
         <run_address>0xd43e</run_address>
         <size>0x12</size>
         <input_file_ref idref="fl-3d"/>
      </object_component>
      <object_component id="oc-6a">
         <name>.text:memcpy</name>
         <load_address>0xd450</load_address>
         <run_address>0xd450</run_address>
         <size>0x12</size>
         <input_file_ref idref="fl-3e"/>
      </object_component>
      <object_component id="oc-a5">
         <name>.text:serialwriteString</name>
         <load_address>0xd462</load_address>
         <run_address>0xd462</run_address>
         <size>0x12</size>
         <input_file_ref idref="fl-2"/>
      </object_component>
      <object_component id="oc-183">
         <name>.text:l_asr</name>
         <load_address>0xd474</load_address>
         <run_address>0xd474</run_address>
         <size>0x10</size>
         <input_file_ref idref="fl-45"/>
      </object_component>
      <object_component id="oc-17b">
         <name>.text:l_lsl</name>
         <load_address>0xd484</load_address>
         <run_address>0xd484</run_address>
         <size>0x10</size>
         <input_file_ref idref="fl-3b"/>
      </object_component>
      <object_component id="oc-92">
         <name>.text</name>
         <load_address>0xd494</load_address>
         <run_address>0xd494</run_address>
         <size>0x10</size>
         <input_file_ref idref="fl-26"/>
      </object_component>
      <object_component id="oc-cd">
         <name>.text:serialRead</name>
         <load_address>0xd4a4</load_address>
         <run_address>0xd4a4</run_address>
         <size>0xc</size>
         <input_file_ref idref="fl-2"/>
      </object_component>
      <object_component id="oc-f8">
         <name>.text:serialWrite</name>
         <load_address>0xd4b0</load_address>
         <run_address>0xd4b0</run_address>
         <size>0xc</size>
         <input_file_ref idref="fl-2"/>
      </object_component>
      <object_component id="oc-51">
         <name>.text:__TI_ISR_TRAP</name>
         <load_address>0xd4bc</load_address>
         <run_address>0xd4bc</run_address>
         <size>0x6</size>
         <input_file_ref idref="fl-39"/>
      </object_component>
      <object_component id="oc-af">
         <name>.text:__mspabi_fltud</name>
         <load_address>0xd4c2</load_address>
         <run_address>0xd4c2</run_address>
         <size>0x6</size>
         <input_file_ref idref="fl-28"/>
      </object_component>
      <object_component id="oc-49">
         <name>.text:decompress:rle24:__TI_decompress_rle24</name>
         <load_address>0xd4c8</load_address>
         <run_address>0xd4c8</run_address>
         <size>0x6</size>
         <input_file_ref idref="fl-20"/>
      </object_component>
      <object_component id="oc-55">
         <name>.text:_system_pre_init</name>
         <load_address>0xd4ce</load_address>
         <run_address>0xd4ce</run_address>
         <size>0x4</size>
         <input_file_ref idref="fl-40"/>
      </object_component>
      <object_component id="oc-64">
         <name>.text:abort</name>
         <load_address>0xd4d2</load_address>
         <run_address>0xd4d2</run_address>
         <size>0x4</size>
         <input_file_ref idref="fl-27"/>
      </object_component>
      <object_component id="oc-1e1">
         <name>.cinit..data.load</name>
         <load_address>0xd500</load_address>
         <run_address>0xd500</run_address>
         <size>0xa</size>
      </object_component>
      <object_component id="oc-1de">
         <name>__TI_handler_table</name>
         <load_address>0xd50a</load_address>
         <run_address>0xd50a</run_address>
         <size>0x6</size>
      </object_component>
      <object_component id="oc-1e0">
         <name>.cinit..bss.load</name>
         <load_address>0xd510</load_address>
         <run_address>0xd510</run_address>
         <size>0x4</size>
      </object_component>
      <object_component id="oc-1df">
         <name>__TI_cinit_table</name>
         <load_address>0xd514</load_address>
         <run_address>0xd514</run_address>
         <size>0x8</size>
      </object_component>
      <object_component id="oc-a4">
         <name>.const:.string</name>
         <load_address>0xd4d6</load_address>
         <run_address>0xd4d6</run_address>
         <size>0x2a</size>
         <input_file_ref idref="fl-2"/>
      </object_component>
      <object_component id="oc-2e">
         <name>.int02</name>
         <load_address>0xffe4</load_address>
         <run_address>0xffe4</run_address>
         <size>0x2</size>
         <input_file_ref idref="fl-2d"/>
      </object_component>
      <object_component id="oc-2f">
         <name>.int03</name>
         <load_address>0xffe6</load_address>
         <run_address>0xffe6</run_address>
         <size>0x2</size>
         <input_file_ref idref="fl-2e"/>
      </object_component>
      <object_component id="oc-30">
         <name>.int05</name>
         <load_address>0xffea</load_address>
         <run_address>0xffea</run_address>
         <size>0x2</size>
         <input_file_ref idref="fl-2f"/>
      </object_component>
      <object_component id="oc-31">
         <name>.int06</name>
         <load_address>0xffec</load_address>
         <run_address>0xffec</run_address>
         <size>0x2</size>
         <input_file_ref idref="fl-30"/>
      </object_component>
      <object_component id="oc-32">
         <name>.int07</name>
         <load_address>0xffee</load_address>
         <run_address>0xffee</run_address>
         <size>0x2</size>
         <input_file_ref idref="fl-31"/>
      </object_component>
      <object_component id="oc-33">
         <name>.int08</name>
         <load_address>0xfff0</load_address>
         <run_address>0xfff0</run_address>
         <size>0x2</size>
         <input_file_ref idref="fl-32"/>
      </object_component>
      <object_component id="oc-34">
         <name>.int09</name>
         <load_address>0xfff2</load_address>
         <run_address>0xfff2</run_address>
         <size>0x2</size>
         <input_file_ref idref="fl-33"/>
      </object_component>
      <object_component id="oc-35">
         <name>.int10</name>
         <load_address>0xfff4</load_address>
         <run_address>0xfff4</run_address>
         <size>0x2</size>
         <input_file_ref idref="fl-34"/>
      </object_component>
      <object_component id="oc-36">
         <name>.int11</name>
         <load_address>0xfff6</load_address>
         <run_address>0xfff6</run_address>
         <size>0x2</size>
         <input_file_ref idref="fl-35"/>
      </object_component>
      <object_component id="oc-37">
         <name>.int12</name>
         <load_address>0xfff8</load_address>
         <run_address>0xfff8</run_address>
         <size>0x2</size>
         <input_file_ref idref="fl-36"/>
      </object_component>
      <object_component id="oc-38">
         <name>.int13</name>
         <load_address>0xfffa</load_address>
         <run_address>0xfffa</run_address>
         <size>0x2</size>
         <input_file_ref idref="fl-37"/>
      </object_component>
      <object_component id="oc-39">
         <name>.int14</name>
         <load_address>0xfffc</load_address>
         <run_address>0xfffc</run_address>
         <size>0x2</size>
         <input_file_ref idref="fl-38"/>
      </object_component>
      <object_component id="oc-50">
         <name>.reset</name>
         <load_address>0xfffe</load_address>
         <run_address>0xfffe</run_address>
         <size>0x2</size>
         <input_file_ref idref="fl-1e"/>
      </object_component>
      <object_component id="oc-15f">
         <name>.common:j</name>
         <uninitialized>true</uninitialized>
         <run_address>0x20c</run_address>
         <size>0x2</size>
      </object_component>
      <object_component id="oc-159">
         <name>.common:i</name>
         <uninitialized>true</uninitialized>
         <run_address>0x20a</run_address>
         <size>0x2</size>
      </object_component>
      <object_component id="oc-15d">
         <name>.common:b</name>
         <uninitialized>true</uninitialized>
         <run_address>0x206</run_address>
         <size>0x4</size>
      </object_component>
      <object_component id="oc-114">
         <name>.common:c</name>
         <uninitialized>true</uninitialized>
         <run_address>0x200</run_address>
         <size>0x6</size>
      </object_component>
      <object_component id="oc-a2">
         <name>.data</name>
         <load_address>0x20e</load_address>
         <run_address>0x20e</run_address>
         <size>0xd</size>
         <input_file_ref idref="fl-2"/>
      </object_component>
      <object_component id="oc-3b">
         <name>.debug_info</name>
         <load_address>0x0</load_address>
         <run_address>0x0</run_address>
         <size>0x125</size>
         <input_file_ref idref="fl-1e"/>
      </object_component>
      <object_component id="oc-40">
         <name>.debug_info</name>
         <load_address>0x125</load_address>
         <run_address>0x125</run_address>
         <size>0x194</size>
         <input_file_ref idref="fl-1f"/>
      </object_component>
      <object_component id="oc-45">
         <name>.debug_info</name>
         <load_address>0x2b9</load_address>
         <run_address>0x2b9</run_address>
         <size>0x16a</size>
         <input_file_ref idref="fl-21"/>
      </object_component>
      <object_component id="oc-4a">
         <name>.debug_info</name>
         <load_address>0x423</load_address>
         <run_address>0x423</run_address>
         <size>0x18e</size>
         <input_file_ref idref="fl-20"/>
      </object_component>
      <object_component id="oc-4f">
         <name>.debug_info</name>
         <load_address>0x5b1</load_address>
         <run_address>0x5b1</run_address>
         <size>0xaa</size>
         <input_file_ref idref="fl-1e"/>
      </object_component>
      <object_component id="oc-52">
         <name>.debug_info</name>
         <load_address>0x65b</load_address>
         <run_address>0x65b</run_address>
         <size>0xc2</size>
         <input_file_ref idref="fl-39"/>
      </object_component>
      <object_component id="oc-57">
         <name>.debug_info</name>
         <load_address>0x71d</load_address>
         <run_address>0x71d</run_address>
         <size>0xfd</size>
         <input_file_ref idref="fl-40"/>
      </object_component>
      <object_component id="oc-5b">
         <name>.debug_info</name>
         <load_address>0x81a</load_address>
         <run_address>0x81a</run_address>
         <size>0x14d</size>
         <input_file_ref idref="fl-46"/>
      </object_component>
      <object_component id="oc-60">
         <name>.debug_info</name>
         <load_address>0x967</load_address>
         <run_address>0x967</run_address>
         <size>0x271</size>
         <input_file_ref idref="fl-2"/>
      </object_component>
      <object_component id="oc-65">
         <name>.debug_info</name>
         <load_address>0xbd8</load_address>
         <run_address>0xbd8</run_address>
         <size>0xcc</size>
         <input_file_ref idref="fl-27"/>
      </object_component>
      <object_component id="oc-6b">
         <name>.debug_info</name>
         <load_address>0xca4</load_address>
         <run_address>0xca4</run_address>
         <size>0x157</size>
         <input_file_ref idref="fl-3e"/>
      </object_component>
      <object_component id="oc-70">
         <name>.debug_info</name>
         <load_address>0xdfb</load_address>
         <run_address>0xdfb</run_address>
         <size>0x46</size>
         <input_file_ref idref="fl-1f"/>
      </object_component>
      <object_component id="oc-75">
         <name>.debug_info</name>
         <load_address>0xe41</load_address>
         <run_address>0xe41</run_address>
         <size>0x164</size>
         <input_file_ref idref="fl-1f"/>
      </object_component>
      <object_component id="oc-77">
         <name>.debug_info</name>
         <load_address>0xfa5</load_address>
         <run_address>0xfa5</run_address>
         <size>0x46</size>
         <input_file_ref idref="fl-21"/>
      </object_component>
      <object_component id="oc-7c">
         <name>.debug_info</name>
         <load_address>0xfeb</load_address>
         <run_address>0xfeb</run_address>
         <size>0x11f</size>
         <input_file_ref idref="fl-21"/>
      </object_component>
      <object_component id="oc-7e">
         <name>.debug_info</name>
         <load_address>0x110a</load_address>
         <run_address>0x110a</run_address>
         <size>0x1e9</size>
         <input_file_ref idref="fl-20"/>
      </object_component>
      <object_component id="oc-83">
         <name>.debug_info</name>
         <load_address>0x12f3</load_address>
         <run_address>0x12f3</run_address>
         <size>0x129</size>
         <input_file_ref idref="fl-20"/>
      </object_component>
      <object_component id="oc-84">
         <name>.debug_info</name>
         <load_address>0x141c</load_address>
         <run_address>0x141c</run_address>
         <size>0x39</size>
         <input_file_ref idref="fl-20"/>
      </object_component>
      <object_component id="oc-8b">
         <name>.debug_info</name>
         <load_address>0x1455</load_address>
         <run_address>0x1455</run_address>
         <size>0x84</size>
         <input_file_ref idref="fl-2"/>
      </object_component>
      <object_component id="oc-95">
         <name>.debug_info</name>
         <load_address>0x14d9</load_address>
         <run_address>0x14d9</run_address>
         <size>0xe1</size>
         <input_file_ref idref="fl-26"/>
      </object_component>
      <object_component id="oc-97">
         <name>.debug_info</name>
         <load_address>0x15ba</load_address>
         <run_address>0x15ba</run_address>
         <size>0x2ba</size>
         <input_file_ref idref="fl-46"/>
      </object_component>
      <object_component id="oc-99">
         <name>.debug_info</name>
         <load_address>0x1874</load_address>
         <run_address>0x1874</run_address>
         <size>0xf0</size>
         <input_file_ref idref="fl-2"/>
      </object_component>
      <object_component id="oc-9e">
         <name>.debug_info</name>
         <load_address>0x1964</load_address>
         <run_address>0x1964</run_address>
         <size>0xf6</size>
         <input_file_ref idref="fl-2"/>
      </object_component>
      <object_component id="oc-a3">
         <name>.debug_info</name>
         <load_address>0x1a5a</load_address>
         <run_address>0x1a5a</run_address>
         <size>0x120</size>
         <input_file_ref idref="fl-2"/>
      </object_component>
      <object_component id="oc-a6">
         <name>.debug_info</name>
         <load_address>0x1b7a</load_address>
         <run_address>0x1b7a</run_address>
         <size>0x134</size>
         <input_file_ref idref="fl-2"/>
      </object_component>
      <object_component id="oc-ab">
         <name>.debug_info</name>
         <load_address>0x1cae</load_address>
         <run_address>0x1cae</run_address>
         <size>0x1e9</size>
         <input_file_ref idref="fl-2"/>
      </object_component>
      <object_component id="oc-b0">
         <name>.debug_info</name>
         <load_address>0x1e97</load_address>
         <run_address>0x1e97</run_address>
         <size>0x11b</size>
         <input_file_ref idref="fl-28"/>
      </object_component>
      <object_component id="oc-b7">
         <name>.debug_info</name>
         <load_address>0x1fb2</load_address>
         <run_address>0x1fb2</run_address>
         <size>0x29f</size>
         <input_file_ref idref="fl-3f"/>
      </object_component>
      <object_component id="oc-ba">
         <name>.debug_info</name>
         <load_address>0x2251</load_address>
         <run_address>0x2251</run_address>
         <size>0x218</size>
         <input_file_ref idref="fl-1c"/>
      </object_component>
      <object_component id="oc-bf">
         <name>.debug_info</name>
         <load_address>0x2469</load_address>
         <run_address>0x2469</run_address>
         <size>0x163</size>
         <input_file_ref idref="fl-42"/>
      </object_component>
      <object_component id="oc-c4">
         <name>.debug_info</name>
         <load_address>0x25cc</load_address>
         <run_address>0x25cc</run_address>
         <size>0x1b4</size>
         <input_file_ref idref="fl-22"/>
      </object_component>
      <object_component id="oc-cb">
         <name>.debug_info</name>
         <load_address>0x2780</load_address>
         <run_address>0x2780</run_address>
         <size>0x179</size>
         <input_file_ref idref="fl-23"/>
      </object_component>
      <object_component id="oc-ce">
         <name>.debug_info</name>
         <load_address>0x28f9</load_address>
         <run_address>0x28f9</run_address>
         <size>0xfa</size>
         <input_file_ref idref="fl-2"/>
      </object_component>
      <object_component id="oc-d3">
         <name>.debug_info</name>
         <load_address>0x29f3</load_address>
         <run_address>0x29f3</run_address>
         <size>0x182</size>
         <input_file_ref idref="fl-2"/>
      </object_component>
      <object_component id="oc-da">
         <name>.debug_info</name>
         <load_address>0x2b75</load_address>
         <run_address>0x2b75</run_address>
         <size>0x127</size>
         <input_file_ref idref="fl-3e"/>
      </object_component>
      <object_component id="oc-db">
         <name>.debug_info</name>
         <load_address>0x2c9c</load_address>
         <run_address>0x2c9c</run_address>
         <size>0x2c</size>
         <input_file_ref idref="fl-21"/>
      </object_component>
      <object_component id="oc-e0">
         <name>.debug_info</name>
         <load_address>0x2cc8</load_address>
         <run_address>0x2cc8</run_address>
         <size>0x2c</size>
         <input_file_ref idref="fl-1f"/>
      </object_component>
      <object_component id="oc-ef">
         <name>.debug_info</name>
         <load_address>0x2cf4</load_address>
         <run_address>0x2cf4</run_address>
         <size>0x39</size>
         <input_file_ref idref="fl-46"/>
      </object_component>
      <object_component id="oc-f9">
         <name>.debug_info</name>
         <load_address>0x2d2d</load_address>
         <run_address>0x2d2d</run_address>
         <size>0x10e</size>
         <input_file_ref idref="fl-2"/>
      </object_component>
      <object_component id="oc-fe">
         <name>.debug_info</name>
         <load_address>0x2e3b</load_address>
         <run_address>0x2e3b</run_address>
         <size>0x3de</size>
         <input_file_ref idref="fl-2"/>
      </object_component>
      <object_component id="oc-101">
         <name>.debug_info</name>
         <load_address>0x3219</load_address>
         <run_address>0x3219</run_address>
         <size>0xd4</size>
         <input_file_ref idref="fl-2b"/>
      </object_component>
      <object_component id="oc-104">
         <name>.debug_info</name>
         <load_address>0x32ed</load_address>
         <run_address>0x32ed</run_address>
         <size>0xe8</size>
         <input_file_ref idref="fl-2c"/>
      </object_component>
      <object_component id="oc-10a">
         <name>.debug_info</name>
         <load_address>0x33d5</load_address>
         <run_address>0x33d5</run_address>
         <size>0xe8</size>
         <input_file_ref idref="fl-24"/>
      </object_component>
      <object_component id="oc-117">
         <name>.debug_info</name>
         <load_address>0x34bd</load_address>
         <run_address>0x34bd</run_address>
         <size>0x1a9</size>
         <input_file_ref idref="fl-29"/>
      </object_component>
      <object_component id="oc-11c">
         <name>.debug_info</name>
         <load_address>0x3666</load_address>
         <run_address>0x3666</run_address>
         <size>0x105</size>
         <input_file_ref idref="fl-28"/>
      </object_component>
      <object_component id="oc-11e">
         <name>.debug_info</name>
         <load_address>0x376b</load_address>
         <run_address>0x376b</run_address>
         <size>0xd3</size>
         <input_file_ref idref="fl-1d"/>
      </object_component>
      <object_component id="oc-122">
         <name>.debug_info</name>
         <load_address>0x383e</load_address>
         <run_address>0x383e</run_address>
         <size>0x37b</size>
         <input_file_ref idref="fl-47"/>
      </object_component>
      <object_component id="oc-127">
         <name>.debug_info</name>
         <load_address>0x3bb9</load_address>
         <run_address>0x3bb9</run_address>
         <size>0xd3</size>
         <input_file_ref idref="fl-3a"/>
      </object_component>
      <object_component id="oc-12b">
         <name>.debug_info</name>
         <load_address>0x3c8c</load_address>
         <run_address>0x3c8c</run_address>
         <size>0x142</size>
         <input_file_ref idref="fl-3f"/>
      </object_component>
      <object_component id="oc-12c">
         <name>.debug_info</name>
         <load_address>0x3dce</load_address>
         <run_address>0x3dce</run_address>
         <size>0x94</size>
         <input_file_ref idref="fl-1c"/>
      </object_component>
      <object_component id="oc-132">
         <name>.debug_info</name>
         <load_address>0x3e62</load_address>
         <run_address>0x3e62</run_address>
         <size>0x2d6</size>
         <input_file_ref idref="fl-2a"/>
      </object_component>
      <object_component id="oc-137">
         <name>.debug_info</name>
         <load_address>0x4138</load_address>
         <run_address>0x4138</run_address>
         <size>0x147</size>
         <input_file_ref idref="fl-1c"/>
      </object_component>
      <object_component id="oc-139">
         <name>.debug_info</name>
         <load_address>0x427f</load_address>
         <run_address>0x427f</run_address>
         <size>0x104</size>
         <input_file_ref idref="fl-42"/>
      </object_component>
      <object_component id="oc-13b">
         <name>.debug_info</name>
         <load_address>0x4383</load_address>
         <run_address>0x4383</run_address>
         <size>0xd9</size>
         <input_file_ref idref="fl-3b"/>
      </object_component>
      <object_component id="oc-13f">
         <name>.debug_info</name>
         <load_address>0x445c</load_address>
         <run_address>0x445c</run_address>
         <size>0xd3</size>
         <input_file_ref idref="fl-3c"/>
      </object_component>
      <object_component id="oc-143">
         <name>.debug_info</name>
         <load_address>0x452f</load_address>
         <run_address>0x452f</run_address>
         <size>0x105</size>
         <input_file_ref idref="fl-22"/>
      </object_component>
      <object_component id="oc-144">
         <name>.debug_info</name>
         <load_address>0x4634</load_address>
         <run_address>0x4634</run_address>
         <size>0xdb</size>
         <input_file_ref idref="fl-22"/>
      </object_component>
      <object_component id="oc-14a">
         <name>.debug_info</name>
         <load_address>0x470f</load_address>
         <run_address>0x470f</run_address>
         <size>0xd9</size>
         <input_file_ref idref="fl-45"/>
      </object_component>
      <object_component id="oc-14e">
         <name>.debug_info</name>
         <load_address>0x47e8</load_address>
         <run_address>0x47e8</run_address>
         <size>0x128</size>
         <input_file_ref idref="fl-23"/>
      </object_component>
      <object_component id="oc-153">
         <name>.debug_info</name>
         <load_address>0x4910</load_address>
         <run_address>0x4910</run_address>
         <size>0xd4</size>
         <input_file_ref idref="fl-25"/>
      </object_component>
      <object_component id="oc-16a">
         <name>.debug_info</name>
         <load_address>0x49e4</load_address>
         <run_address>0x49e4</run_address>
         <size>0xd9</size>
         <input_file_ref idref="fl-3d"/>
      </object_component>
      <object_component id="oc-16e">
         <name>.debug_info</name>
         <load_address>0x4abd</load_address>
         <run_address>0x4abd</run_address>
         <size>0x106</size>
         <input_file_ref idref="fl-29"/>
      </object_component>
      <object_component id="oc-175">
         <name>.debug_info</name>
         <load_address>0x4bc3</load_address>
         <run_address>0x4bc3</run_address>
         <size>0xd4</size>
         <input_file_ref idref="fl-48"/>
      </object_component>
      <object_component id="oc-177">
         <name>.debug_info</name>
         <load_address>0x4c97</load_address>
         <run_address>0x4c97</run_address>
         <size>0x129</size>
         <input_file_ref idref="fl-47"/>
      </object_component>
      <object_component id="oc-17c">
         <name>.debug_info</name>
         <load_address>0x4dc0</load_address>
         <run_address>0x4dc0</run_address>
         <size>0xd3</size>
         <input_file_ref idref="fl-3b"/>
      </object_component>
      <object_component id="oc-180">
         <name>.debug_info</name>
         <load_address>0x4e93</load_address>
         <run_address>0x4e93</run_address>
         <size>0xd3</size>
         <input_file_ref idref="fl-3d"/>
      </object_component>
      <object_component id="oc-184">
         <name>.debug_info</name>
         <load_address>0x4f66</load_address>
         <run_address>0x4f66</run_address>
         <size>0xd3</size>
         <input_file_ref idref="fl-45"/>
      </object_component>
      <object_component id="oc-188">
         <name>.debug_info</name>
         <load_address>0x5039</load_address>
         <run_address>0x5039</run_address>
         <size>0x197</size>
         <input_file_ref idref="fl-41"/>
      </object_component>
      <object_component id="oc-18d">
         <name>.debug_info</name>
         <load_address>0x51d0</load_address>
         <run_address>0x51d0</run_address>
         <size>0x13b</size>
         <input_file_ref idref="fl-2a"/>
      </object_component>
      <object_component id="oc-1a4">
         <name>.debug_info</name>
         <load_address>0x530b</load_address>
         <run_address>0x530b</run_address>
         <size>0x10d</size>
         <input_file_ref idref="fl-41"/>
      </object_component>
      <object_component id="oc-1e3">
         <name>.debug_info</name>
         <load_address>0x5418</load_address>
         <run_address>0x5418</run_address>
         <size>0x9e</size>
      </object_component>
      <object_component id="oc-3c">
         <name>.debug_line</name>
         <load_address>0x0</load_address>
         <run_address>0x0</run_address>
         <size>0x44</size>
         <input_file_ref idref="fl-1e"/>
      </object_component>
      <object_component id="oc-41">
         <name>.debug_line</name>
         <load_address>0x44</load_address>
         <run_address>0x44</run_address>
         <size>0x50</size>
         <input_file_ref idref="fl-1f"/>
      </object_component>
      <object_component id="oc-46">
         <name>.debug_line</name>
         <load_address>0x94</load_address>
         <run_address>0x94</run_address>
         <size>0x4a</size>
         <input_file_ref idref="fl-21"/>
      </object_component>
      <object_component id="oc-4b">
         <name>.debug_line</name>
         <load_address>0xde</load_address>
         <run_address>0xde</run_address>
         <size>0x49</size>
         <input_file_ref idref="fl-20"/>
      </object_component>
      <object_component id="oc-53">
         <name>.debug_line</name>
         <load_address>0x127</load_address>
         <run_address>0x127</run_address>
         <size>0x3c</size>
         <input_file_ref idref="fl-39"/>
      </object_component>
      <object_component id="oc-56">
         <name>.debug_line</name>
         <load_address>0x163</load_address>
         <run_address>0x163</run_address>
         <size>0x3e</size>
         <input_file_ref idref="fl-40"/>
      </object_component>
      <object_component id="oc-5c">
         <name>.debug_line</name>
         <load_address>0x1a1</load_address>
         <run_address>0x1a1</run_address>
         <size>0x6b</size>
         <input_file_ref idref="fl-46"/>
      </object_component>
      <object_component id="oc-61">
         <name>.debug_line</name>
         <load_address>0x20c</load_address>
         <run_address>0x20c</run_address>
         <size>0x7c</size>
         <input_file_ref idref="fl-2"/>
      </object_component>
      <object_component id="oc-66">
         <name>.debug_line</name>
         <load_address>0x288</load_address>
         <run_address>0x288</run_address>
         <size>0x3a</size>
         <input_file_ref idref="fl-27"/>
      </object_component>
      <object_component id="oc-6c">
         <name>.debug_line</name>
         <load_address>0x2c2</load_address>
         <run_address>0x2c2</run_address>
         <size>0x45</size>
         <input_file_ref idref="fl-3e"/>
      </object_component>
      <object_component id="oc-72">
         <name>.debug_line</name>
         <load_address>0x307</load_address>
         <run_address>0x307</run_address>
         <size>0x3a</size>
         <input_file_ref idref="fl-1f"/>
      </object_component>
      <object_component id="oc-79">
         <name>.debug_line</name>
         <load_address>0x341</load_address>
         <run_address>0x341</run_address>
         <size>0x34</size>
         <input_file_ref idref="fl-21"/>
      </object_component>
      <object_component id="oc-7f">
         <name>.debug_line</name>
         <load_address>0x375</load_address>
         <run_address>0x375</run_address>
         <size>0x80</size>
         <input_file_ref idref="fl-20"/>
      </object_component>
      <object_component id="oc-86">
         <name>.debug_line</name>
         <load_address>0x3f5</load_address>
         <run_address>0x3f5</run_address>
         <size>0x39</size>
         <input_file_ref idref="fl-20"/>
      </object_component>
      <object_component id="oc-8a">
         <name>.debug_line</name>
         <load_address>0x42e</load_address>
         <run_address>0x42e</run_address>
         <size>0x2a</size>
         <input_file_ref idref="fl-1e"/>
      </object_component>
      <object_component id="oc-8d">
         <name>.debug_line</name>
         <load_address>0x458</load_address>
         <run_address>0x458</run_address>
         <size>0x20</size>
         <input_file_ref idref="fl-2"/>
      </object_component>
      <object_component id="oc-93">
         <name>.debug_line</name>
         <load_address>0x478</load_address>
         <run_address>0x478</run_address>
         <size>0x40</size>
         <input_file_ref idref="fl-26"/>
      </object_component>
      <object_component id="oc-9a">
         <name>.debug_line</name>
         <load_address>0x4b8</load_address>
         <run_address>0x4b8</run_address>
         <size>0x45</size>
         <input_file_ref idref="fl-2"/>
      </object_component>
      <object_component id="oc-9f">
         <name>.debug_line</name>
         <load_address>0x4fd</load_address>
         <run_address>0x4fd</run_address>
         <size>0x49</size>
         <input_file_ref idref="fl-2"/>
      </object_component>
      <object_component id="oc-a7">
         <name>.debug_line</name>
         <load_address>0x546</load_address>
         <run_address>0x546</run_address>
         <size>0x45</size>
         <input_file_ref idref="fl-2"/>
      </object_component>
      <object_component id="oc-ac">
         <name>.debug_line</name>
         <load_address>0x58b</load_address>
         <run_address>0x58b</run_address>
         <size>0x59</size>
         <input_file_ref idref="fl-2"/>
      </object_component>
      <object_component id="oc-b1">
         <name>.debug_line</name>
         <load_address>0x5e4</load_address>
         <run_address>0x5e4</run_address>
         <size>0x3d</size>
         <input_file_ref idref="fl-28"/>
      </object_component>
      <object_component id="oc-b6">
         <name>.debug_line</name>
         <load_address>0x621</load_address>
         <run_address>0x621</run_address>
         <size>0x103</size>
         <input_file_ref idref="fl-3f"/>
      </object_component>
      <object_component id="oc-bb">
         <name>.debug_line</name>
         <load_address>0x724</load_address>
         <run_address>0x724</run_address>
         <size>0xcb</size>
         <input_file_ref idref="fl-1c"/>
      </object_component>
      <object_component id="oc-c1">
         <name>.debug_line</name>
         <load_address>0x7ef</load_address>
         <run_address>0x7ef</run_address>
         <size>0x49</size>
         <input_file_ref idref="fl-42"/>
      </object_component>
      <object_component id="oc-c5">
         <name>.debug_line</name>
         <load_address>0x838</load_address>
         <run_address>0x838</run_address>
         <size>0x6c</size>
         <input_file_ref idref="fl-22"/>
      </object_component>
      <object_component id="oc-cc">
         <name>.debug_line</name>
         <load_address>0x8a4</load_address>
         <run_address>0x8a4</run_address>
         <size>0x53</size>
         <input_file_ref idref="fl-23"/>
      </object_component>
      <object_component id="oc-cf">
         <name>.debug_line</name>
         <load_address>0x8f7</load_address>
         <run_address>0x8f7</run_address>
         <size>0x43</size>
         <input_file_ref idref="fl-2"/>
      </object_component>
      <object_component id="oc-d4">
         <name>.debug_line</name>
         <load_address>0x93a</load_address>
         <run_address>0x93a</run_address>
         <size>0x5c</size>
         <input_file_ref idref="fl-2"/>
      </object_component>
      <object_component id="oc-dd">
         <name>.debug_line</name>
         <load_address>0x996</load_address>
         <run_address>0x996</run_address>
         <size>0x44</size>
         <input_file_ref idref="fl-21"/>
      </object_component>
      <object_component id="oc-e2">
         <name>.debug_line</name>
         <load_address>0x9da</load_address>
         <run_address>0x9da</run_address>
         <size>0x44</size>
         <input_file_ref idref="fl-1f"/>
      </object_component>
      <object_component id="oc-e6">
         <name>.debug_line</name>
         <load_address>0xa1e</load_address>
         <run_address>0xa1e</run_address>
         <size>0x20</size>
         <input_file_ref idref="fl-1f"/>
      </object_component>
      <object_component id="oc-e8">
         <name>.debug_line</name>
         <load_address>0xa3e</load_address>
         <run_address>0xa3e</run_address>
         <size>0x20</size>
         <input_file_ref idref="fl-21"/>
      </object_component>
      <object_component id="oc-eb">
         <name>.debug_line</name>
         <load_address>0xa5e</load_address>
         <run_address>0xa5e</run_address>
         <size>0x20</size>
         <input_file_ref idref="fl-20"/>
      </object_component>
      <object_component id="oc-ee">
         <name>.debug_line</name>
         <load_address>0xa7e</load_address>
         <run_address>0xa7e</run_address>
         <size>0x2e</size>
         <input_file_ref idref="fl-46"/>
      </object_component>
      <object_component id="oc-f1">
         <name>.debug_line</name>
         <load_address>0xaac</load_address>
         <run_address>0xaac</run_address>
         <size>0x2e</size>
         <input_file_ref idref="fl-46"/>
      </object_component>
      <object_component id="oc-f7">
         <name>.debug_line</name>
         <load_address>0xada</load_address>
         <run_address>0xada</run_address>
         <size>0x2d</size>
         <input_file_ref idref="fl-2"/>
      </object_component>
      <object_component id="oc-fa">
         <name>.debug_line</name>
         <load_address>0xb07</load_address>
         <run_address>0xb07</run_address>
         <size>0x43</size>
         <input_file_ref idref="fl-2"/>
      </object_component>
      <object_component id="oc-100">
         <name>.debug_line</name>
         <load_address>0xb4a</load_address>
         <run_address>0xb4a</run_address>
         <size>0x93</size>
         <input_file_ref idref="fl-2b"/>
      </object_component>
      <object_component id="oc-105">
         <name>.debug_line</name>
         <load_address>0xbdd</load_address>
         <run_address>0xbdd</run_address>
         <size>0x68</size>
         <input_file_ref idref="fl-2c"/>
      </object_component>
      <object_component id="oc-10b">
         <name>.debug_line</name>
         <load_address>0xc45</load_address>
         <run_address>0xc45</run_address>
         <size>0x4d</size>
         <input_file_ref idref="fl-24"/>
      </object_component>
      <object_component id="oc-118">
         <name>.debug_line</name>
         <load_address>0xc92</load_address>
         <run_address>0xc92</run_address>
         <size>0x70</size>
         <input_file_ref idref="fl-29"/>
      </object_component>
      <object_component id="oc-11f">
         <name>.debug_line</name>
         <load_address>0xd02</load_address>
         <run_address>0xd02</run_address>
         <size>0x4e</size>
         <input_file_ref idref="fl-1d"/>
      </object_component>
      <object_component id="oc-123">
         <name>.debug_line</name>
         <load_address>0xd50</load_address>
         <run_address>0xd50</run_address>
         <size>0xa8</size>
         <input_file_ref idref="fl-47"/>
      </object_component>
      <object_component id="oc-128">
         <name>.debug_line</name>
         <load_address>0xdf8</load_address>
         <run_address>0xdf8</run_address>
         <size>0x4e</size>
         <input_file_ref idref="fl-3a"/>
      </object_component>
      <object_component id="oc-12e">
         <name>.debug_line</name>
         <load_address>0xe46</load_address>
         <run_address>0xe46</run_address>
         <size>0x2e</size>
         <input_file_ref idref="fl-1c"/>
      </object_component>
      <object_component id="oc-133">
         <name>.debug_line</name>
         <load_address>0xe74</load_address>
         <run_address>0xe74</run_address>
         <size>0xf2</size>
         <input_file_ref idref="fl-2a"/>
      </object_component>
      <object_component id="oc-13c">
         <name>.debug_line</name>
         <load_address>0xf66</load_address>
         <run_address>0xf66</run_address>
         <size>0x56</size>
         <input_file_ref idref="fl-3b"/>
      </object_component>
      <object_component id="oc-140">
         <name>.debug_line</name>
         <load_address>0xfbc</load_address>
         <run_address>0xfbc</run_address>
         <size>0x5e</size>
         <input_file_ref idref="fl-3c"/>
      </object_component>
      <object_component id="oc-146">
         <name>.debug_line</name>
         <load_address>0x101a</load_address>
         <run_address>0x101a</run_address>
         <size>0x2e</size>
         <input_file_ref idref="fl-22"/>
      </object_component>
      <object_component id="oc-14b">
         <name>.debug_line</name>
         <load_address>0x1048</load_address>
         <run_address>0x1048</run_address>
         <size>0x56</size>
         <input_file_ref idref="fl-45"/>
      </object_component>
      <object_component id="oc-154">
         <name>.debug_line</name>
         <load_address>0x109e</load_address>
         <run_address>0x109e</run_address>
         <size>0x43</size>
         <input_file_ref idref="fl-25"/>
      </object_component>
      <object_component id="oc-162">
         <name>.debug_line</name>
         <load_address>0x10e1</load_address>
         <run_address>0x10e1</run_address>
         <size>0x20</size>
         <input_file_ref idref="fl-3e"/>
      </object_component>
      <object_component id="oc-165">
         <name>.debug_line</name>
         <load_address>0x1101</load_address>
         <run_address>0x1101</run_address>
         <size>0x62</size>
         <input_file_ref idref="fl-2"/>
      </object_component>
      <object_component id="oc-16b">
         <name>.debug_line</name>
         <load_address>0x1163</load_address>
         <run_address>0x1163</run_address>
         <size>0x65</size>
         <input_file_ref idref="fl-3d"/>
      </object_component>
      <object_component id="oc-170">
         <name>.debug_line</name>
         <load_address>0x11c8</load_address>
         <run_address>0x11c8</run_address>
         <size>0x20</size>
         <input_file_ref idref="fl-28"/>
      </object_component>
      <object_component id="oc-173">
         <name>.debug_line</name>
         <load_address>0x11e8</load_address>
         <run_address>0x11e8</run_address>
         <size>0x4b</size>
         <input_file_ref idref="fl-48"/>
      </object_component>
      <object_component id="oc-17a">
         <name>.debug_line</name>
         <load_address>0x1233</load_address>
         <run_address>0x1233</run_address>
         <size>0x2d</size>
         <input_file_ref idref="fl-3f"/>
      </object_component>
      <object_component id="oc-17d">
         <name>.debug_line</name>
         <load_address>0x1260</load_address>
         <run_address>0x1260</run_address>
         <size>0x3e</size>
         <input_file_ref idref="fl-3b"/>
      </object_component>
      <object_component id="oc-181">
         <name>.debug_line</name>
         <load_address>0x129e</load_address>
         <run_address>0x129e</run_address>
         <size>0x42</size>
         <input_file_ref idref="fl-3d"/>
      </object_component>
      <object_component id="oc-185">
         <name>.debug_line</name>
         <load_address>0x12e0</load_address>
         <run_address>0x12e0</run_address>
         <size>0x3e</size>
         <input_file_ref idref="fl-45"/>
      </object_component>
      <object_component id="oc-189">
         <name>.debug_line</name>
         <load_address>0x131e</load_address>
         <run_address>0x131e</run_address>
         <size>0x82</size>
         <input_file_ref idref="fl-41"/>
      </object_component>
      <object_component id="oc-18f">
         <name>.debug_line</name>
         <load_address>0x13a0</load_address>
         <run_address>0x13a0</run_address>
         <size>0x2d</size>
         <input_file_ref idref="fl-1c"/>
      </object_component>
      <object_component id="oc-191">
         <name>.debug_line</name>
         <load_address>0x13cd</load_address>
         <run_address>0x13cd</run_address>
         <size>0x20</size>
         <input_file_ref idref="fl-42"/>
      </object_component>
      <object_component id="oc-195">
         <name>.debug_line</name>
         <load_address>0x13ed</load_address>
         <run_address>0x13ed</run_address>
         <size>0x20</size>
         <input_file_ref idref="fl-22"/>
      </object_component>
      <object_component id="oc-198">
         <name>.debug_line</name>
         <load_address>0x140d</load_address>
         <run_address>0x140d</run_address>
         <size>0x20</size>
         <input_file_ref idref="fl-23"/>
      </object_component>
      <object_component id="oc-19c">
         <name>.debug_line</name>
         <load_address>0x142d</load_address>
         <run_address>0x142d</run_address>
         <size>0x20</size>
         <input_file_ref idref="fl-29"/>
      </object_component>
      <object_component id="oc-19f">
         <name>.debug_line</name>
         <load_address>0x144d</load_address>
         <run_address>0x144d</run_address>
         <size>0x20</size>
         <input_file_ref idref="fl-47"/>
      </object_component>
      <object_component id="oc-1a6">
         <name>.debug_line</name>
         <load_address>0x146d</load_address>
         <run_address>0x146d</run_address>
         <size>0x2d</size>
         <input_file_ref idref="fl-2a"/>
      </object_component>
      <object_component id="oc-1a8">
         <name>.debug_line</name>
         <load_address>0x149a</load_address>
         <run_address>0x149a</run_address>
         <size>0x20</size>
         <input_file_ref idref="fl-41"/>
      </object_component>
      <object_component id="oc-3d">
         <name>.debug_frame</name>
         <load_address>0x0</load_address>
         <run_address>0x0</run_address>
         <size>0x42</size>
         <input_file_ref idref="fl-1e"/>
      </object_component>
      <object_component id="oc-42">
         <name>.debug_frame</name>
         <load_address>0x42</load_address>
         <run_address>0x42</run_address>
         <size>0x47</size>
         <input_file_ref idref="fl-1f"/>
      </object_component>
      <object_component id="oc-47">
         <name>.debug_frame</name>
         <load_address>0x89</load_address>
         <run_address>0x89</run_address>
         <size>0x47</size>
         <input_file_ref idref="fl-21"/>
      </object_component>
      <object_component id="oc-4c">
         <name>.debug_frame</name>
         <load_address>0xd0</load_address>
         <run_address>0xd0</run_address>
         <size>0x47</size>
         <input_file_ref idref="fl-20"/>
      </object_component>
      <object_component id="oc-58">
         <name>.debug_frame</name>
         <load_address>0x117</load_address>
         <run_address>0x117</run_address>
         <size>0x47</size>
         <input_file_ref idref="fl-40"/>
      </object_component>
      <object_component id="oc-5d">
         <name>.debug_frame</name>
         <load_address>0x15e</load_address>
         <run_address>0x15e</run_address>
         <size>0x51</size>
         <input_file_ref idref="fl-46"/>
      </object_component>
      <object_component id="oc-62">
         <name>.debug_frame</name>
         <load_address>0x1af</load_address>
         <run_address>0x1af</run_address>
         <size>0x57</size>
         <input_file_ref idref="fl-2"/>
      </object_component>
      <object_component id="oc-67">
         <name>.debug_frame</name>
         <load_address>0x206</load_address>
         <run_address>0x206</run_address>
         <size>0x47</size>
         <input_file_ref idref="fl-27"/>
      </object_component>
      <object_component id="oc-6d">
         <name>.debug_frame</name>
         <load_address>0x24d</load_address>
         <run_address>0x24d</run_address>
         <size>0x47</size>
         <input_file_ref idref="fl-3e"/>
      </object_component>
      <object_component id="oc-80">
         <name>.debug_frame</name>
         <load_address>0x294</load_address>
         <run_address>0x294</run_address>
         <size>0x51</size>
         <input_file_ref idref="fl-20"/>
      </object_component>
      <object_component id="oc-9b">
         <name>.debug_frame</name>
         <load_address>0x2e5</load_address>
         <run_address>0x2e5</run_address>
         <size>0x47</size>
         <input_file_ref idref="fl-2"/>
      </object_component>
      <object_component id="oc-a0">
         <name>.debug_frame</name>
         <load_address>0x32c</load_address>
         <run_address>0x32c</run_address>
         <size>0x47</size>
         <input_file_ref idref="fl-2"/>
      </object_component>
      <object_component id="oc-a8">
         <name>.debug_frame</name>
         <load_address>0x373</load_address>
         <run_address>0x373</run_address>
         <size>0x47</size>
         <input_file_ref idref="fl-2"/>
      </object_component>
      <object_component id="oc-ad">
         <name>.debug_frame</name>
         <load_address>0x3ba</load_address>
         <run_address>0x3ba</run_address>
         <size>0x48</size>
         <input_file_ref idref="fl-2"/>
      </object_component>
      <object_component id="oc-b2">
         <name>.debug_frame</name>
         <load_address>0x402</load_address>
         <run_address>0x402</run_address>
         <size>0x47</size>
         <input_file_ref idref="fl-28"/>
      </object_component>
      <object_component id="oc-b5">
         <name>.debug_frame</name>
         <load_address>0x449</load_address>
         <run_address>0x449</run_address>
         <size>0x85</size>
         <input_file_ref idref="fl-3f"/>
      </object_component>
      <object_component id="oc-bc">
         <name>.debug_frame</name>
         <load_address>0x4ce</load_address>
         <run_address>0x4ce</run_address>
         <size>0x72</size>
         <input_file_ref idref="fl-1c"/>
      </object_component>
      <object_component id="oc-c0">
         <name>.debug_frame</name>
         <load_address>0x540</load_address>
         <run_address>0x540</run_address>
         <size>0x5c</size>
         <input_file_ref idref="fl-42"/>
      </object_component>
      <object_component id="oc-c6">
         <name>.debug_frame</name>
         <load_address>0x59c</load_address>
         <run_address>0x59c</run_address>
         <size>0x58</size>
         <input_file_ref idref="fl-22"/>
      </object_component>
      <object_component id="oc-ca">
         <name>.debug_frame</name>
         <load_address>0x5f4</load_address>
         <run_address>0x5f4</run_address>
         <size>0x56</size>
         <input_file_ref idref="fl-23"/>
      </object_component>
      <object_component id="oc-d0">
         <name>.debug_frame</name>
         <load_address>0x64a</load_address>
         <run_address>0x64a</run_address>
         <size>0x47</size>
         <input_file_ref idref="fl-2"/>
      </object_component>
      <object_component id="oc-d5">
         <name>.debug_frame</name>
         <load_address>0x691</load_address>
         <run_address>0x691</run_address>
         <size>0x50</size>
         <input_file_ref idref="fl-2"/>
      </object_component>
      <object_component id="oc-fb">
         <name>.debug_frame</name>
         <load_address>0x6e1</load_address>
         <run_address>0x6e1</run_address>
         <size>0x47</size>
         <input_file_ref idref="fl-2"/>
      </object_component>
      <object_component id="oc-119">
         <name>.debug_frame</name>
         <load_address>0x728</load_address>
         <run_address>0x728</run_address>
         <size>0x4e</size>
         <input_file_ref idref="fl-29"/>
      </object_component>
      <object_component id="oc-124">
         <name>.debug_frame</name>
         <load_address>0x776</load_address>
         <run_address>0x776</run_address>
         <size>0x98</size>
         <input_file_ref idref="fl-47"/>
      </object_component>
      <object_component id="oc-134">
         <name>.debug_frame</name>
         <load_address>0x80e</load_address>
         <run_address>0x80e</run_address>
         <size>0x85</size>
         <input_file_ref idref="fl-2a"/>
      </object_component>
      <object_component id="oc-18a">
         <name>.debug_frame</name>
         <load_address>0x893</load_address>
         <run_address>0x893</run_address>
         <size>0x66</size>
         <input_file_ref idref="fl-41"/>
      </object_component>
      <object_component id="oc-3e">
         <name>.debug_aranges</name>
         <load_address>0x0</load_address>
         <run_address>0x0</run_address>
         <size>0x20</size>
         <input_file_ref idref="fl-1e"/>
      </object_component>
      <object_component id="oc-43">
         <name>.debug_aranges</name>
         <load_address>0x20</load_address>
         <run_address>0x20</run_address>
         <size>0x20</size>
         <input_file_ref idref="fl-1f"/>
      </object_component>
      <object_component id="oc-48">
         <name>.debug_aranges</name>
         <load_address>0x40</load_address>
         <run_address>0x40</run_address>
         <size>0x20</size>
         <input_file_ref idref="fl-21"/>
      </object_component>
      <object_component id="oc-4d">
         <name>.debug_aranges</name>
         <load_address>0x60</load_address>
         <run_address>0x60</run_address>
         <size>0x20</size>
         <input_file_ref idref="fl-20"/>
      </object_component>
      <object_component id="oc-54">
         <name>.debug_aranges</name>
         <load_address>0x80</load_address>
         <run_address>0x80</run_address>
         <size>0x20</size>
         <input_file_ref idref="fl-39"/>
      </object_component>
      <object_component id="oc-59">
         <name>.debug_aranges</name>
         <load_address>0xa0</load_address>
         <run_address>0xa0</run_address>
         <size>0x20</size>
         <input_file_ref idref="fl-40"/>
      </object_component>
      <object_component id="oc-5e">
         <name>.debug_aranges</name>
         <load_address>0xc0</load_address>
         <run_address>0xc0</run_address>
         <size>0x20</size>
         <input_file_ref idref="fl-46"/>
      </object_component>
      <object_component id="oc-63">
         <name>.debug_aranges</name>
         <load_address>0xe0</load_address>
         <run_address>0xe0</run_address>
         <size>0x20</size>
         <input_file_ref idref="fl-2"/>
      </object_component>
      <object_component id="oc-68">
         <name>.debug_aranges</name>
         <load_address>0x100</load_address>
         <run_address>0x100</run_address>
         <size>0x20</size>
         <input_file_ref idref="fl-27"/>
      </object_component>
      <object_component id="oc-6e">
         <name>.debug_aranges</name>
         <load_address>0x120</load_address>
         <run_address>0x120</run_address>
         <size>0x20</size>
         <input_file_ref idref="fl-3e"/>
      </object_component>
      <object_component id="oc-81">
         <name>.debug_aranges</name>
         <load_address>0x140</load_address>
         <run_address>0x140</run_address>
         <size>0x20</size>
         <input_file_ref idref="fl-20"/>
      </object_component>
      <object_component id="oc-94">
         <name>.debug_aranges</name>
         <load_address>0x160</load_address>
         <run_address>0x160</run_address>
         <size>0x20</size>
         <input_file_ref idref="fl-26"/>
      </object_component>
      <object_component id="oc-9c">
         <name>.debug_aranges</name>
         <load_address>0x180</load_address>
         <run_address>0x180</run_address>
         <size>0x20</size>
         <input_file_ref idref="fl-2"/>
      </object_component>
      <object_component id="oc-a1">
         <name>.debug_aranges</name>
         <load_address>0x1a0</load_address>
         <run_address>0x1a0</run_address>
         <size>0x20</size>
         <input_file_ref idref="fl-2"/>
      </object_component>
      <object_component id="oc-a9">
         <name>.debug_aranges</name>
         <load_address>0x1c0</load_address>
         <run_address>0x1c0</run_address>
         <size>0x20</size>
         <input_file_ref idref="fl-2"/>
      </object_component>
      <object_component id="oc-ae">
         <name>.debug_aranges</name>
         <load_address>0x1e0</load_address>
         <run_address>0x1e0</run_address>
         <size>0x20</size>
         <input_file_ref idref="fl-2"/>
      </object_component>
      <object_component id="oc-b3">
         <name>.debug_aranges</name>
         <load_address>0x200</load_address>
         <run_address>0x200</run_address>
         <size>0x20</size>
         <input_file_ref idref="fl-28"/>
      </object_component>
      <object_component id="oc-b8">
         <name>.debug_aranges</name>
         <load_address>0x220</load_address>
         <run_address>0x220</run_address>
         <size>0x28</size>
         <input_file_ref idref="fl-3f"/>
      </object_component>
      <object_component id="oc-bd">
         <name>.debug_aranges</name>
         <load_address>0x248</load_address>
         <run_address>0x248</run_address>
         <size>0x20</size>
         <input_file_ref idref="fl-1c"/>
      </object_component>
      <object_component id="oc-c2">
         <name>.debug_aranges</name>
         <load_address>0x268</load_address>
         <run_address>0x268</run_address>
         <size>0x20</size>
         <input_file_ref idref="fl-42"/>
      </object_component>
      <object_component id="oc-c7">
         <name>.debug_aranges</name>
         <load_address>0x288</load_address>
         <run_address>0x288</run_address>
         <size>0x20</size>
         <input_file_ref idref="fl-22"/>
      </object_component>
      <object_component id="oc-c9">
         <name>.debug_aranges</name>
         <load_address>0x2a8</load_address>
         <run_address>0x2a8</run_address>
         <size>0x20</size>
         <input_file_ref idref="fl-23"/>
      </object_component>
      <object_component id="oc-d1">
         <name>.debug_aranges</name>
         <load_address>0x2c8</load_address>
         <run_address>0x2c8</run_address>
         <size>0x20</size>
         <input_file_ref idref="fl-2"/>
      </object_component>
      <object_component id="oc-d6">
         <name>.debug_aranges</name>
         <load_address>0x2e8</load_address>
         <run_address>0x2e8</run_address>
         <size>0x20</size>
         <input_file_ref idref="fl-2"/>
      </object_component>
      <object_component id="oc-fc">
         <name>.debug_aranges</name>
         <load_address>0x308</load_address>
         <run_address>0x308</run_address>
         <size>0x20</size>
         <input_file_ref idref="fl-2"/>
      </object_component>
      <object_component id="oc-102">
         <name>.debug_aranges</name>
         <load_address>0x328</load_address>
         <run_address>0x328</run_address>
         <size>0x20</size>
         <input_file_ref idref="fl-2b"/>
      </object_component>
      <object_component id="oc-106">
         <name>.debug_aranges</name>
         <load_address>0x348</load_address>
         <run_address>0x348</run_address>
         <size>0x20</size>
         <input_file_ref idref="fl-2c"/>
      </object_component>
      <object_component id="oc-10c">
         <name>.debug_aranges</name>
         <load_address>0x368</load_address>
         <run_address>0x368</run_address>
         <size>0x20</size>
         <input_file_ref idref="fl-24"/>
      </object_component>
      <object_component id="oc-11a">
         <name>.debug_aranges</name>
         <load_address>0x388</load_address>
         <run_address>0x388</run_address>
         <size>0x20</size>
         <input_file_ref idref="fl-29"/>
      </object_component>
      <object_component id="oc-120">
         <name>.debug_aranges</name>
         <load_address>0x3a8</load_address>
         <run_address>0x3a8</run_address>
         <size>0x20</size>
         <input_file_ref idref="fl-1d"/>
      </object_component>
      <object_component id="oc-125">
         <name>.debug_aranges</name>
         <load_address>0x3c8</load_address>
         <run_address>0x3c8</run_address>
         <size>0x30</size>
         <input_file_ref idref="fl-47"/>
      </object_component>
      <object_component id="oc-129">
         <name>.debug_aranges</name>
         <load_address>0x3f8</load_address>
         <run_address>0x3f8</run_address>
         <size>0x20</size>
         <input_file_ref idref="fl-3a"/>
      </object_component>
      <object_component id="oc-135">
         <name>.debug_aranges</name>
         <load_address>0x418</load_address>
         <run_address>0x418</run_address>
         <size>0x28</size>
         <input_file_ref idref="fl-2a"/>
      </object_component>
      <object_component id="oc-13d">
         <name>.debug_aranges</name>
         <load_address>0x440</load_address>
         <run_address>0x440</run_address>
         <size>0x20</size>
         <input_file_ref idref="fl-3b"/>
      </object_component>
      <object_component id="oc-141">
         <name>.debug_aranges</name>
         <load_address>0x460</load_address>
         <run_address>0x460</run_address>
         <size>0x20</size>
         <input_file_ref idref="fl-3c"/>
      </object_component>
      <object_component id="oc-14c">
         <name>.debug_aranges</name>
         <load_address>0x480</load_address>
         <run_address>0x480</run_address>
         <size>0x20</size>
         <input_file_ref idref="fl-45"/>
      </object_component>
      <object_component id="oc-155">
         <name>.debug_aranges</name>
         <load_address>0x4a0</load_address>
         <run_address>0x4a0</run_address>
         <size>0x20</size>
         <input_file_ref idref="fl-25"/>
      </object_component>
      <object_component id="oc-16c">
         <name>.debug_aranges</name>
         <load_address>0x4c0</load_address>
         <run_address>0x4c0</run_address>
         <size>0x20</size>
         <input_file_ref idref="fl-3d"/>
      </object_component>
      <object_component id="oc-174">
         <name>.debug_aranges</name>
         <load_address>0x4e0</load_address>
         <run_address>0x4e0</run_address>
         <size>0x20</size>
         <input_file_ref idref="fl-48"/>
      </object_component>
      <object_component id="oc-17e">
         <name>.debug_aranges</name>
         <load_address>0x500</load_address>
         <run_address>0x500</run_address>
         <size>0x20</size>
         <input_file_ref idref="fl-3b"/>
      </object_component>
      <object_component id="oc-182">
         <name>.debug_aranges</name>
         <load_address>0x520</load_address>
         <run_address>0x520</run_address>
         <size>0x20</size>
         <input_file_ref idref="fl-3d"/>
      </object_component>
      <object_component id="oc-186">
         <name>.debug_aranges</name>
[...]
      </symbol>
      <symbol id="sm-18c">
         <name>__TI_zero_init</name>
         <value>0xd418</value>
         <object_component_ref idref="oc-44"/>
      </symbol>
      <symbol id="sm-1a3">
         <name>__mspabi_cvtdf</name>
         <value>0xcdaa</value>
         <object_component_ref idref="oc-c3"/>
      </symbol>
      <symbol id="sm-1b3">
         <name>__mspabi_cvtfd</name>
         <value>0xcf72</value>
         <object_component_ref idref="oc-c8"/>
      </symbol>
      <symbol id="sm-1be">
         <name>__mspabi_remi</name>
         <value>0xd340</value>
         <object_component_ref idref="oc-109"/>
      </symbol>
      <symbol id="sm-1bf">
         <name>__mspabi_divi</name>
         <value>0xd340</value>
         <object_component_ref idref="oc-109"/>
      </symbol>
      <symbol id="sm-1c8">
         <name>__mspabi_remu</name>
         <value>0xd402</value>
         <object_component_ref idref="oc-152"/>
      </symbol>
      <symbol id="sm-1c9">
         <name>__mspabi_divu</name>
         <value>0xd402</value>
         <object_component_ref idref="oc-152"/>
      </symbol>
      <symbol id="sm-1d1">
         <name>__mspabi_func_epilog_2</name>
         <value>0xd49e</value>
         <object_component_ref idref="oc-92"/>
      </symbol>
      <symbol id="sm-1d2">
         <name>__mspabi_func_epilog_3</name>
         <value>0xd49c</value>
         <object_component_ref idref="oc-92"/>
      </symbol>
      <symbol id="sm-1d3">
         <name>__mspabi_func_epilog_1</name>
         <value>0xd4a0</value>
         <object_component_ref idref="oc-92"/>
      </symbol>
      <symbol id="sm-1d4">
         <name>__mspabi_func_epilog_6</name>
         <value>0xd496</value>
         <object_component_ref idref="oc-92"/>
      </symbol>
      <symbol id="sm-1d5">
         <name>__mspabi_func_epilog_7</name>
         <value>0xd494</value>
         <object_component_ref idref="oc-92"/>
      </symbol>
      <symbol id="sm-1d6">
         <name>__mspabi_func_epilog_4</name>
         <value>0xd49a</value>
         <object_component_ref idref="oc-92"/>
      </symbol>
      <symbol id="sm-1d7">
         <name>__mspabi_func_epilog_5</name>
         <value>0xd498</value>
         <object_component_ref idref="oc-92"/>
      </symbol>
      <symbol id="sm-1e0">
         <name>C$$EXIT</name>
         <value>0xd4d2</value>
         <object_component_ref idref="oc-64"/>
      </symbol>
      <symbol id="sm-1e1">
         <name>abort</name>
         <value>0xd4d2</value>
         <object_component_ref idref="oc-64"/>
      </symbol>
      <symbol id="sm-1ec">
         <name>__mspabi_fltud</name>
         <value>0xd4c2</value>
         <object_component_ref idref="oc-af"/>
      </symbol>
      <symbol id="sm-200">
         <name>__mspabi_fltuld</name>
         <value>0xce52</value>
         <object_component_ref idref="oc-116"/>
      </symbol>
      <symbol id="sm-221">
         <name>__TI_frcaddd</name>
         <value>0xc5e0</value>
         <object_component_ref idref="oc-131"/>
      </symbol>
      <symbol id="sm-237">
         <name>__mspabi_mpyf</name>
         <value>0xcc28</value>
         <object_component_ref idref="oc-ff"/>
      </symbol>
      <symbol id="sm-248">
         <name>__mspabi_fixfi</name>
         <value>0xd060</value>
         <object_component_ref idref="oc-103"/>
      </symbol>
      <symbol id="sm-24b">
         <name>__TI_int02</name>
         <value>0xffe4</value>
         <object_component_ref idref="oc-2e"/>
      </symbol>
      <symbol id="sm-24e">
         <name>__TI_int03</name>
         <value>0xffe6</value>
         <object_component_ref idref="oc-2f"/>
      </symbol>
      <symbol id="sm-251">
         <name>__TI_int05</name>
         <value>0xffea</value>
         <object_component_ref idref="oc-30"/>
      </symbol>
      <symbol id="sm-254">
         <name>__TI_int06</name>
         <value>0xffec</value>
         <object_component_ref idref="oc-31"/>
      </symbol>
      <symbol id="sm-257">
         <name>__TI_int07</name>
         <value>0xffee</value>
         <object_component_ref idref="oc-32"/>
      </symbol>
      <symbol id="sm-25a">
         <name>__TI_int08</name>
         <value>0xfff0</value>
         <object_component_ref idref="oc-33"/>
      </symbol>
      <symbol id="sm-25d">
         <name>__TI_int09</name>
         <value>0xfff2</value>
         <object_component_ref idref="oc-34"/>
      </symbol>
      <symbol id="sm-260">
         <name>__TI_int10</name>
         <value>0xfff4</value>
         <object_component_ref idref="oc-35"/>
      </symbol>
      <symbol id="sm-263">
         <name>__TI_int11</name>
         <value>0xfff6</value>
         <object_component_ref idref="oc-36"/>
      </symbol>
      <symbol id="sm-266">
         <name>__TI_int12</name>
         <value>0xfff8</value>
         <object_component_ref idref="oc-37"/>
      </symbol>
      <symbol id="sm-269">
         <name>__TI_int13</name>
         <value>0xfffa</value>
         <object_component_ref idref="oc-38"/>
      </symbol>
      <symbol id="sm-26c">
         <name>__TI_int14</name>
         <value>0xfffc</value>
         <object_component_ref idref="oc-39"/>
      </symbol>
      <symbol id="sm-273">
         <name>__TI_ISR_TRAP</name>
         <value>0xd4bc</value>
         <object_component_ref idref="oc-51"/>
      </symbol>
      <symbol id="sm-27a">
         <name>__mspabi_slli</name>
         <value>0xd36c</value>
         <object_component_ref idref="oc-126"/>
      </symbol>
      <symbol id="sm-27b">
         <name>__mspabi_slli_9</name>
         <value>0xd384</value>
         <object_component_ref idref="oc-126"/>
      </symbol>
      <symbol id="sm-27c">
         <name>__mspabi_slli_8</name>
         <value>0xd386</value>
         <object_component_ref idref="oc-126"/>
      </symbol>
      <symbol id="sm-27d">
         <name>__mspabi_slli_7</name>
         <value>0xd388</value>
         <object_component_ref idref="oc-126"/>
      </symbol>
      <symbol id="sm-27e">
         <name>__mspabi_slli_6</name>
         <value>0xd38a</value>
         <object_component_ref idref="oc-126"/>
      </symbol>
      <symbol id="sm-27f">
         <name>__mspabi_slli_5</name>
         <value>0xd38c</value>
         <object_component_ref idref="oc-126"/>
      </symbol>
      <symbol id="sm-280">
         <name>__mspabi_slli_4</name>
         <value>0xd38e</value>
         <object_component_ref idref="oc-126"/>
      </symbol>
      <symbol id="sm-281">
         <name>__mspabi_slli_3</name>
         <value>0xd390</value>
         <object_component_ref idref="oc-126"/>
      </symbol>
      <symbol id="sm-282">
         <name>__mspabi_slli_2</name>
         <value>0xd392</value>
         <object_component_ref idref="oc-126"/>
      </symbol>
      <symbol id="sm-283">
         <name>__mspabi_slli_1</name>
         <value>0xd394</value>
         <object_component_ref idref="oc-126"/>
      </symbol>
      <symbol id="sm-284">
         <name>__mspabi_slli_15</name>
         <value>0xd378</value>
         <object_component_ref idref="oc-126"/>
      </symbol>
      <symbol id="sm-285">
         <name>__mspabi_slli_14</name>
         <value>0xd37a</value>
         <object_component_ref idref="oc-126"/>
      </symbol>
      <symbol id="sm-286">
         <name>__mspabi_slli_13</name>
         <value>0xd37c</value>
         <object_component_ref idref="oc-126"/>
      </symbol>
      <symbol id="sm-287">
         <name>__mspabi_slli_12</name>
         <value>0xd37e</value>
         <object_component_ref idref="oc-126"/>
      </symbol>
      <symbol id="sm-288">
         <name>__mspabi_slli_11</name>
         <value>0xd380</value>
         <object_component_ref idref="oc-126"/>
      </symbol>
      <symbol id="sm-289">
         <name>__mspabi_slli_10</name>
         <value>0xd382</value>
         <object_component_ref idref="oc-126"/>
      </symbol>
      <symbol id="sm-297">
         <name>__mspabi_slll_9</name>
         <value>0xd282</value>
         <object_component_ref idref="oc-13a"/>
      </symbol>
      <symbol id="sm-298">
         <name>__mspabi_slll_8</name>
         <value>0xd286</value>
         <object_component_ref idref="oc-13a"/>
      </symbol>
      <symbol id="sm-299">
         <name>__mspabi_slll_7</name>
         <value>0xd28a</value>
         <object_component_ref idref="oc-13a"/>
      </symbol>
      <symbol id="sm-29a">
         <name>__mspabi_slll_6</name>
         <value>0xd28e</value>
         <object_component_ref idref="oc-13a"/>
      </symbol>
      <symbol id="sm-29b">
         <name>__mspabi_slll_5</name>
         <value>0xd292</value>
         <object_component_ref idref="oc-13a"/>
      </symbol>
      <symbol id="sm-29c">
         <name>__mspabi_slll_4</name>
         <value>0xd296</value>
         <object_component_ref idref="oc-13a"/>
      </symbol>
      <symbol id="sm-29d">
         <name>__mspabi_slll_3</name>
         <value>0xd29a</value>
         <object_component_ref idref="oc-13a"/>
      </symbol>
      <symbol id="sm-29e">
         <name>__mspabi_slll_2</name>
         <value>0xd29e</value>
         <object_component_ref idref="oc-13a"/>
      </symbol>
      <symbol id="sm-29f">
         <name>__mspabi_slll_1</name>
         <value>0xd2a2</value>
         <object_component_ref idref="oc-13a"/>
      </symbol>
      <symbol id="sm-2a0">
         <name>__mspabi_slll</name>
         <value>0xd484</value>
         <object_component_ref idref="oc-17b"/>
      </symbol>
      <symbol id="sm-2a1">
         <name>__mspabi_slll_15</name>
         <value>0xd26a</value>
         <object_component_ref idref="oc-13a"/>
      </symbol>
      <symbol id="sm-2a2">
         <name>__mspabi_slll_14</name>
         <value>0xd26e</value>
         <object_component_ref idref="oc-13a"/>
      </symbol>
      <symbol id="sm-2a3">
         <name>__mspabi_slll_13</name>
         <value>0xd272</value>
         <object_component_ref idref="oc-13a"/>
      </symbol>
      <symbol id="sm-2a4">
         <name>__mspabi_slll_12</name>
         <value>0xd276</value>
         <object_component_ref idref="oc-13a"/>
      </symbol>
      <symbol id="sm-2a5">
         <name>__mspabi_slll_11</name>
         <value>0xd27a</value>
         <object_component_ref idref="oc-13a"/>
      </symbol>
      <symbol id="sm-2a6">
         <name>__mspabi_slll_10</name>
         <value>0xd27e</value>
         <object_component_ref idref="oc-13a"/>
      </symbol>
      <symbol id="sm-2ad">
         <name>__mspabi_srli_8</name>
         <value>0xd20a</value>
         <object_component_ref idref="oc-13e"/>
      </symbol>
      <symbol id="sm-2ae">
         <name>__mspabi_srli_9</name>
         <value>0xd206</value>
         <object_component_ref idref="oc-13e"/>
      </symbol>
      <symbol id="sm-2af">
         <name>__mspabi_srli_6</name>
         <value>0xd212</value>
         <object_component_ref idref="oc-13e"/>
      </symbol>
      <symbol id="sm-2b0">
         <name>__mspabi_srli_7</name>
         <value>0xd20e</value>
         <object_component_ref idref="oc-13e"/>
      </symbol>
      <symbol id="sm-2b1">
         <name>__mspabi_srli_4</name>
         <value>0xd21a</value>
         <object_component_ref idref="oc-13e"/>
      </symbol>
      <symbol id="sm-2b2">
         <name>__mspabi_srli_5</name>
         <value>0xd216</value>
         <object_component_ref idref="oc-13e"/>
      </symbol>
      <symbol id="sm-2b3">
         <name>__mspabi_srli_2</name>
         <value>0xd222</value>
         <object_component_ref idref="oc-13e"/>
      </symbol>
      <symbol id="sm-2b4">
         <name>__mspabi_srli_3</name>
         <value>0xd21e</value>
         <object_component_ref idref="oc-13e"/>
      </symbol>
      <symbol id="sm-2b5">
         <name>__mspabi_srli_1</name>
         <value>0xd226</value>
         <object_component_ref idref="oc-13e"/>
      </symbol>
      <symbol id="sm-2b6">
         <name>__mspabi_srli</name>
         <value>0xd1e0</value>
         <object_component_ref idref="oc-13e"/>
      </symbol>
      <symbol id="sm-2b7">
         <name>__mspabi_srli_15</name>
         <value>0xd1ee</value>
         <object_component_ref idref="oc-13e"/>
      </symbol>
      <symbol id="sm-2b8">
         <name>__mspabi_srli_14</name>
         <value>0xd1f2</value>
         <object_component_ref idref="oc-13e"/>
      </symbol>
      <symbol id="sm-2b9">
         <name>__mspabi_srli_13</name>
         <value>0xd1f6</value>
         <object_component_ref idref="oc-13e"/>
      </symbol>
      <symbol id="sm-2ba">
         <name>__mspabi_srli_12</name>
         <value>0xd1fa</value>
         <object_component_ref idref="oc-13e"/>
      </symbol>
      <symbol id="sm-2bb">
         <name>__mspabi_srli_11</name>
         <value>0xd1fe</value>
         <object_component_ref idref="oc-13e"/>
      </symbol>
      <symbol id="sm-2bc">
         <name>__mspabi_srli_10</name>
         <value>0xd202</value>
         <object_component_ref idref="oc-13e"/>
      </symbol>
      <symbol id="sm-2ca">
         <name>__mspabi_srll_8</name>
         <value>0xd1ae</value>
         <object_component_ref idref="oc-169"/>
      </symbol>
      <symbol id="sm-2cb">
         <name>__mspabi_srll_9</name>
         <value>0xd1a8</value>
         <object_component_ref idref="oc-169"/>
      </symbol>
      <symbol id="sm-2cc">
         <name>__mspabi_srll_6</name>
         <value>0xd1ba</value>
         <object_component_ref idref="oc-169"/>
      </symbol>
      <symbol id="sm-2cd">
         <name>__mspabi_srll_7</name>
         <value>0xd1b4</value>
         <object_component_ref idref="oc-169"/>
      </symbol>
      <symbol id="sm-2ce">
         <name>__mspabi_srll_4</name>
         <value>0xd1c6</value>
         <object_component_ref idref="oc-169"/>
      </symbol>
      <symbol id="sm-2cf">
         <name>__mspabi_srll_5</name>
         <value>0xd1c0</value>
         <object_component_ref idref="oc-169"/>
      </symbol>
      <symbol id="sm-2d0">
         <name>__mspabi_srll_2</name>
         <value>0xd1d2</value>
         <object_component_ref idref="oc-169"/>
      </symbol>
      <symbol id="sm-2d1">
         <name>__mspabi_srll_3</name>
         <value>0xd1cc</value>
         <object_component_ref idref="oc-169"/>
      </symbol>
      <symbol id="sm-2d2">
         <name>__mspabi_srll_1</name>
         <value>0xd1d8</value>
         <object_component_ref idref="oc-169"/>
      </symbol>
      <symbol id="sm-2d3">
         <name>__mspabi_srll_15</name>
         <value>0xd184</value>
         <object_component_ref idref="oc-169"/>
      </symbol>
      <symbol id="sm-2d4">
         <name>__mspabi_srll_14</name>
         <value>0xd18a</value>
         <object_component_ref idref="oc-169"/>
      </symbol>
      <symbol id="sm-2d5">
         <name>__mspabi_srll_13</name>
         <value>0xd190</value>
         <object_component_ref idref="oc-169"/>
      </symbol>
      <symbol id="sm-2d6">
         <name>__mspabi_srll_12</name>
         <value>0xd196</value>
         <object_component_ref idref="oc-169"/>
      </symbol>
      <symbol id="sm-2d7">
         <name>__mspabi_srll_11</name>
         <value>0xd19c</value>
         <object_component_ref idref="oc-169"/>
      </symbol>
      <symbol id="sm-2d8">
         <name>__mspabi_srll_10</name>
         <value>0xd1a2</value>
         <object_component_ref idref="oc-169"/>
      </symbol>
      <symbol id="sm-2d9">
         <name>__mspabi_srll</name>
         <value>0xd43e</value>
         <object_component_ref idref="oc-17f"/>
      </symbol>
      <symbol id="sm-2e6">
         <name>memcpy</name>
         <value>0xd450</value>
         <object_component_ref idref="oc-6a"/>
      </symbol>
      <symbol id="sm-307">
         <name>__mspabi_mpyd</name>
         <value>0xc84e</value>
         <object_component_ref idref="oc-b4"/>
      </symbol>
      <symbol id="sm-30f">
         <name>_system_pre_init</name>
         <value>0xd4ce</value>
         <object_component_ref idref="oc-55"/>
      </symbol>
      <symbol id="sm-322">
         <name>__TI_renormd</name>
         <value>0xccea</value>
         <object_component_ref idref="oc-187"/>
      </symbol>
      <symbol id="sm-32d">
         <name>__mspabi_subd</name>
         <value>0xd2a8</value>
         <object_component_ref idref="oc-be"/>
      </symbol>
      <symbol id="sm-33d">
         <name>__mspabi_sral</name>
         <value>0xd474</value>
         <object_component_ref idref="oc-183"/>
      </symbol>
      <symbol id="sm-33e">
         <name>__mspabi_sral_15</name>
         <value>0xd22c</value>
         <object_component_ref idref="oc-149"/>
      </symbol>
      <symbol id="sm-33f">
         <name>__mspabi_sral_14</name>
         <value>0xd230</value>
         <object_component_ref idref="oc-149"/>
      </symbol>
      <symbol id="sm-340">
         <name>__mspabi_sral_13</name>
         <value>0xd234</value>
         <object_component_ref idref="oc-149"/>
      </symbol>
      <symbol id="sm-341">
         <name>__mspabi_sral_12</name>
         <value>0xd238</value>
         <object_component_ref idref="oc-149"/>
      </symbol>
      <symbol id="sm-342">
         <name>__mspabi_sral_11</name>
         <value>0xd23c</value>
         <object_component_ref idref="oc-149"/>
      </symbol>
      <symbol id="sm-343">
         <name>__mspabi_sral_10</name>
         <value>0xd240</value>
         <object_component_ref idref="oc-149"/>
      </symbol>
      <symbol id="sm-344">
         <name>__mspabi_sral_8</name>
         <value>0xd248</value>
         <object_component_ref idref="oc-149"/>
      </symbol>
      <symbol id="sm-345">
         <name>__mspabi_sral_9</name>
         <value>0xd244</value>
         <object_component_ref idref="oc-149"/>
      </symbol>
      <symbol id="sm-346">
         <name>__mspabi_sral_6</name>
         <value>0xd250</value>
         <object_component_ref idref="oc-149"/>
      </symbol>
      <symbol id="sm-347">
         <name>__mspabi_sral_7</name>
         <value>0xd24c</value>
         <object_component_ref idref="oc-149"/>
      </symbol>
      <symbol id="sm-348">
         <name>__mspabi_sral_4</name>
         <value>0xd258</value>
         <object_component_ref idref="oc-149"/>
      </symbol>
      <symbol id="sm-349">
         <name>__mspabi_sral_5</name>
         <value>0xd254</value>
         <object_component_ref idref="oc-149"/>
      </symbol>
      <symbol id="sm-34a">
         <name>__mspabi_sral_2</name>
         <value>0xd260</value>
         <object_component_ref idref="oc-149"/>
      </symbol>
      <symbol id="sm-34b">
         <name>__mspabi_sral_3</name>
         <value>0xd25c</value>
         <object_component_ref idref="oc-149"/>
      </symbol>
      <symbol id="sm-34c">
         <name>__mspabi_sral_1</name>
         <value>0xd264</value>
         <object_component_ref idref="oc-149"/>
      </symbol>
      <symbol id="sm-361">
         <name>_auto_init</name>
         <value>0xd126</value>
         <object_component_ref idref="oc-5a"/>
      </symbol>
      <symbol id="sm-371">
         <name>__TI_frcmpyd</name>
         <value>0xc000</value>
         <object_component_ref idref="oc-121"/>
      </symbol>
      <symbol id="sm-37a">
         <name>__mspabi_mpyl</name>
         <value>0xd3c2</value>
         <object_component_ref idref="oc-172"/>
      </symbol>
      <symbol id="sm-37b">
         <name>__TI_exit</name>
         <value>0x1</value>
      </symbol>
      <symbol id="sm-37c">
         <name>__TI_args_main</name>
         <value>0x1</value>
      </symbol>
      <symbol id="sm-37d">
         <name>__TI_INITARRAY_Base</name>
         <value>0x0</value>
      </symbol>
      <symbol id="sm-37e">
         <name>__TI_INITARRAY_Limit</name>
         <value>0x0</value>
      </symbol>
   </symbol_table>
   <title>Link successful</title>
</link_info>
